C:/ncs/v2.2.0/zephyr/subsys/fs/fs.c:44:12:registry_add	0	static
C:/ncs/v2.2.0/zephyr/subsys/fs/fs.c:63:31:registry_find	0	static
C:/ncs/v2.2.0/zephyr/subsys/fs/fs.c:75:39:fs_type_get	8	static
C:/ncs/v2.2.0/zephyr/subsys/fs/fs.c:82:12:fs_get_mnt_point	40	static
C:/ncs/v2.2.0/zephyr/subsys/fs/fs.c:837:12:fs_init	8	static
C:/ncs/v2.2.0/zephyr/subsys/fs/fs.c:133:5:fs_open	32	static
C:/ncs/v2.2.0/zephyr/subsys/fs/fs.c:177:5:fs_close	24	static
C:/ncs/v2.2.0/zephyr/subsys/fs/fs.c:200:9:fs_read	16	static
C:/ncs/v2.2.0/zephyr/subsys/fs/fs.c:220:9:fs_write	16	static
C:/ncs/v2.2.0/zephyr/subsys/fs/fs.c:240:5:fs_seek	16	static
C:/ncs/v2.2.0/zephyr/subsys/fs/fs.c:260:7:fs_tell	16	static
C:/ncs/v2.2.0/zephyr/subsys/fs/fs.c:280:5:fs_truncate	16	static
C:/ncs/v2.2.0/zephyr/subsys/fs/fs.c:300:5:fs_sync	16	static
C:/ncs/v2.2.0/zephyr/subsys/fs/fs.c:321:5:fs_opendir	32	static
C:/ncs/v2.2.0/zephyr/subsys/fs/fs.c:370:5:fs_readdir	32	static
C:/ncs/v2.2.0/zephyr/subsys/fs/fs.c:451:5:fs_closedir	24	static
C:/ncs/v2.2.0/zephyr/subsys/fs/fs.c:477:5:fs_mkdir	24	static
C:/ncs/v2.2.0/zephyr/subsys/fs/fs.c:510:5:fs_unlink	24	static
C:/ncs/v2.2.0/zephyr/subsys/fs/fs.c:543:5:fs_rename	32	static
C:/ncs/v2.2.0/zephyr/subsys/fs/fs.c:583:5:fs_stat	24	static
C:/ncs/v2.2.0/zephyr/subsys/fs/fs.c:613:5:fs_statvfs	24	static
C:/ncs/v2.2.0/zephyr/subsys/fs/fs.c:642:5:fs_mount	64	dynamic,bounded
C:/ncs/v2.2.0/zephyr/subsys/fs/fs.c:725:5:fs_unmount	24	static
C:/ncs/v2.2.0/zephyr/subsys/fs/fs.c:764:5:fs_readmount	16	static
C:/ncs/v2.2.0/zephyr/subsys/fs/fs.c:797:5:fs_register	16	static
C:/ncs/v2.2.0/zephyr/subsys/fs/fs.c:817:5:fs_unregister	16	static
