C:/ncs/v2.2.0/zephyr/include/zephyr/drivers/gpio.h:691:19:z_impl_gpio_pin_configure	16	static
C:/ncs/v2.2.0/zephyr/include/zephyr/drivers/gpio.h:755:19:gpio_pin_configure_dt	8	static
../src/modules/hw_codec.c:36:12:cs47l63_comm_reg_conf_write	16	static
C:/ncs/v2.2.0/zephyr/include/zephyr/kernel.h:439:23:k_msleep	8	static
../src/modules/hw_codec.c:63:12:hw_codec_on_board_set	8	static
../src/modules/hw_codec.c:325:12:cmd_input	16	static
../src/modules/hw_codec.c:82:5:hw_codec_volume_set	16	static
../src/modules/hw_codec.c:103:5:hw_codec_volume_adjust	24	static
../src/modules/hw_codec.c:155:5:hw_codec_volume_decrease	8	static
../src/modules/hw_codec.c:167:5:hw_codec_volume_increase	8	static
../src/modules/hw_codec.c:179:5:hw_codec_volume_mute	16	static
../src/modules/hw_codec.c:200:5:hw_codec_volume_unmute	16	static
../src/modules/hw_codec.c:221:5:hw_codec_default_conf_enable	8	static
../src/modules/hw_codec.c:283:5:hw_codec_soft_reset	8	static
../src/modules/hw_codec.c:300:5:hw_codec_init	8	static
