C:/ncs/v2.2.0/zephyr/subsys/usb/device/class/audio/audio.c:171:16:get_num_of_channels	0	static
C:/ncs/v2.2.0/zephyr/subsys/usb/device/class/audio/audio.c:180:17:get_controls	0	static
C:/ncs/v2.2.0/zephyr/subsys/usb/device/class/audio/audio.c:188:33:get_fu_dir	0	static
C:/ncs/v2.2.0/zephyr/subsys/usb/device/class/audio/audio.c:245:40:get_feature_unit	4	static
C:/ncs/v2.2.0/zephyr/subsys/usb/device/class/audio/audio.c:274:13:audio_dc_sof	8	static
C:/ncs/v2.2.0/zephyr/subsys/usb/device/class/audio/audio.c:379:13:is_entity_valid	4	static
C:/ncs/v2.2.0/zephyr/subsys/usb/device/class/audio/audio.c:420:35:get_audio_dev_data_by_entity	16	static
C:/ncs/v2.2.0/zephyr/subsys/usb/device/class/audio/audio.c:451:13:is_interface_valid	0	static
C:/ncs/v2.2.0/zephyr/subsys/usb/device/class/audio/audio.c:480:35:get_audio_dev_data_by_iface	16	static
C:/ncs/v2.2.0/zephyr/subsys/usb/device/class/audio/audio.c:687:12:audio_custom_handler	16	static
C:/ncs/v2.2.0/zephyr/subsys/usb/device/class/audio/audio.c:773:12:usb_audio_device_init	0	static
C:/ncs/v2.2.0/zephyr/subsys/usb/device/class/audio/audio.c:780:13:audio_write_cb	16	static
C:/ncs/v2.2.0/zephyr/include/zephyr/net/buf.h:1367:20:net_buf_destroy	8	static
C:/ncs/v2.2.0/zephyr/subsys/usb/device/class/audio/audio.c:843:13:audio_receive_cb	24	static
C:/ncs/v2.2.0/zephyr/subsys/usb/device/class/audio/audio.c:512:12:handle_fu_mute_req	16	static
C:/ncs/v2.2.0/zephyr/subsys/usb/device/class/audio/audio.c:560:12:handle_feature_unit_req	72	static
C:/ncs/v2.2.0/zephyr/subsys/usb/device/class/audio/audio.c:631:12:handle_interface_req	24	static
C:/ncs/v2.2.0/zephyr/subsys/usb/device/class/audio/audio.c:757:12:audio_class_handle_req	16	static
C:/ncs/v2.2.0/zephyr/subsys/usb/device/class/audio/audio.c:208:13:fix_fu_descriptors	24	static
C:/ncs/v2.2.0/zephyr/subsys/usb/device/class/audio/audio.c:289:13:audio_interface_config	16	static
C:/ncs/v2.2.0/zephyr/subsys/usb/device/class/audio/audio.c:333:13:audio_cb_usb_status	24	static
C:/ncs/v2.2.0/zephyr/subsys/usb/device/class/audio/audio.c:805:5:usb_audio_send	24	static
C:/ncs/v2.2.0/zephyr/subsys/usb/device/class/audio/audio.c:836:8:usb_audio_get_in_frame_size	0	static
C:/ncs/v2.2.0/zephyr/subsys/usb/device/class/audio/audio.c:895:6:usb_audio_register	4	static
