C:/ncs/v2.2.0/modules/hal/nordic/nrfx/hal/nrf_usbd.h:1439:28:nrf_usbd_ep_amount_get	0	static
C:/ncs/v2.2.0/zephyr/include/zephyr/sys/notify.h:264:20:sys_notify_init_spinwait	8	static
C:/ncs/v2.2.0/zephyr/drivers/usb/device/usb_dc_nrfx.c:300:20:ep_is_valid	0	static
C:/ncs/v2.2.0/zephyr/drivers/usb/device/usb_dc_nrfx.c:329:32:endpoint_ctx	8	static
C:/ncs/v2.2.0/zephyr/drivers/usb/device/usb_dc_nrfx.c:360:32:in_endpoint_ctx	8	static
C:/ncs/v2.2.0/zephyr/drivers/usb/device/usb_dc_nrfx.c:365:32:out_endpoint_ctx	8	static
C:/ncs/v2.2.0/zephyr/drivers/usb/device/usb_dc_nrfx.c:405:34:usbd_evt_get	8	static
C:/ncs/v2.2.0/zephyr/drivers/usb/device/usb_dc_nrfx.c:413:20:usbd_evt_flush	8	static
C:/ncs/v2.2.0/zephyr/drivers/usb/device/usb_dc_nrfx.c:600:13:ep_ctx_reset	8	static
C:/ncs/v2.2.0/zephyr/drivers/usb/device/usb_dc_nrfx.c:624:12:eps_ctx_init	8	static
C:/ncs/v2.2.0/zephyr/drivers/usb/device/usb_dc_nrfx.c:432:34:usbd_evt_alloc	16	static
C:/ncs/v2.2.0/zephyr/drivers/usb/device/usb_dc_nrfx.c:844:13:usbd_event_transfer_ctrl	32	static
C:/ncs/v2.2.0/zephyr/drivers/usb/device/usb_dc_nrfx.c:949:13:usbd_event_transfer_data	32	static
C:/ncs/v2.2.0/zephyr/drivers/usb/device/usb_dc_nrfx.c:1047:13:usbd_event_handler	40	static
C:/ncs/v2.2.0/zephyr/drivers/usb/device/usb_dc_nrfx.c:470:13:submit_dc_power_event	8	static
C:/ncs/v2.2.0/zephyr/drivers/usb/device/usb_dc_nrfx.c:498:13:usb_dc_power_event_handler	16	static
C:/ncs/v2.2.0/zephyr/drivers/usb/device/usb_dc_nrfx.c:1172:13:usbd_sof_trigger_iso_read	16	static
C:/ncs/v2.2.0/zephyr/drivers/usb/device/usb_dc_nrfx.c:1141:20:usbd_reinit	8	static
C:/ncs/v2.2.0/zephyr/include/zephyr/sys/onoff.h:433:19:onoff_cancel_or_release	8	static
C:/ncs/v2.2.0/zephyr/drivers/usb/device/usb_dc_nrfx.c:531:12:hfxo_stop	8	static
C:/ncs/v2.2.0/zephyr/drivers/usb/device/usb_dc_nrfx.c:551:13:usbd_enable_endpoints	8	static
C:/ncs/v2.2.0/zephyr/drivers/usb/device/usb_dc_nrfx.c:779:20:usbd_work_process_recvreq	32	static
C:/ncs/v2.2.0/zephyr/drivers/usb/device/usb_dc_nrfx.c:1887:12:usb_init	16	static
C:/ncs/v2.2.0/zephyr/drivers/usb/device/usb_dc_nrfx.c:734:20:usbd_work_process_setup	8	static
C:/ncs/v2.2.0/zephyr/drivers/usb/device/usb_dc_nrfx.c:804:20:usbd_work_process_ep_events	16	static
C:/ncs/v2.2.0/zephyr/drivers/usb/device/usb_dc_nrfx.c:540:12:hfxo_start	8	static
C:/ncs/v2.2.0/zephyr/drivers/usb/device/usb_dc_nrfx.c:668:20:usbd_work_process_pwr_events	8	static
C:/ncs/v2.2.0/zephyr/drivers/usb/device/usb_dc_nrfx.c:1205:13:usbd_work_handler	40	static
C:/ncs/v2.2.0/zephyr/drivers/usb/device/usb_dc_nrfx.c:1264:5:usb_dc_attach	8	static
C:/ncs/v2.2.0/zephyr/drivers/usb/device/usb_dc_nrfx.c:1315:5:usb_dc_detach	16	static
C:/ncs/v2.2.0/zephyr/drivers/usb/device/usb_dc_nrfx.c:1340:5:usb_dc_reset	8	static
C:/ncs/v2.2.0/zephyr/drivers/usb/device/usb_dc_nrfx.c:1363:5:usb_dc_set_address	8	static
C:/ncs/v2.2.0/zephyr/drivers/usb/device/usb_dc_nrfx.c:1385:5:usb_dc_ep_check_cap	16	static
C:/ncs/v2.2.0/zephyr/drivers/usb/device/usb_dc_nrfx.c:1411:5:usb_dc_ep_configure	24	static
C:/ncs/v2.2.0/zephyr/drivers/usb/device/usb_dc_nrfx.c:1451:5:usb_dc_ep_set_stall	24	static
C:/ncs/v2.2.0/zephyr/drivers/usb/device/usb_dc_nrfx.c:1485:5:usb_dc_ep_clear_stall	8	static
C:/ncs/v2.2.0/zephyr/drivers/usb/device/usb_dc_nrfx.c:1511:5:usb_dc_ep_halt	8	static
C:/ncs/v2.2.0/zephyr/drivers/usb/device/usb_dc_nrfx.c:1516:5:usb_dc_ep_is_stalled	16	static
C:/ncs/v2.2.0/zephyr/drivers/usb/device/usb_dc_nrfx.c:1538:5:usb_dc_ep_enable	16	static
C:/ncs/v2.2.0/zephyr/drivers/usb/device/usb_dc_nrfx.c:1577:5:usb_dc_ep_disable	16	static
C:/ncs/v2.2.0/zephyr/drivers/usb/device/usb_dc_nrfx.c:1607:5:usb_dc_ep_flush	16	static
C:/ncs/v2.2.0/zephyr/drivers/usb/device/usb_dc_nrfx.c:1628:5:usb_dc_ep_write	40	static
C:/ncs/v2.2.0/zephyr/drivers/usb/device/usb_dc_nrfx.c:1718:5:usb_dc_ep_read_wait	32	static
C:/ncs/v2.2.0/zephyr/drivers/usb/device/usb_dc_nrfx.c:1771:5:usb_dc_ep_read_continue	24	static
C:/ncs/v2.2.0/zephyr/drivers/usb/device/usb_dc_nrfx.c:1819:5:usb_dc_ep_read	16	static
C:/ncs/v2.2.0/zephyr/drivers/usb/device/usb_dc_nrfx.c:1838:5:usb_dc_ep_set_callback	8	static
C:/ncs/v2.2.0/zephyr/drivers/usb/device/usb_dc_nrfx.c:1856:6:usb_dc_set_status_callback	0	static
C:/ncs/v2.2.0/zephyr/drivers/usb/device/usb_dc_nrfx.c:1861:5:usb_dc_ep_mps	8	static
C:/ncs/v2.2.0/zephyr/drivers/usb/device/usb_dc_nrfx.c:1877:5:usb_dc_wakeup_request	8	static
