C:/ncs/v2.2.0/zephyr/drivers/bluetooth/hci/rpmsg.c:32:13:is_hci_event_discardable	0	static
C:/ncs/v2.2.0/zephyr/drivers/bluetooth/hci/rpmsg.c:333:12:bt_rpmsg_init	16	static
C:/ncs/v2.2.0/zephyr/drivers/bluetooth/hci/rpmsg.c:242:12:bt_rpmsg_send	24	static
C:/ncs/v2.2.0/zephyr/drivers/bluetooth/hci/rpmsg.c:68:24:bt_rpmsg_evt_recv	32	static
C:/ncs/v2.2.0/zephyr/drivers/bluetooth/hci/rpmsg.c:118:24:bt_rpmsg_acl_recv	32	static
C:/ncs/v2.2.0/zephyr/drivers/bluetooth/hci/rpmsg.c:161:24:bt_rpmsg_iso_recv	32	static
C:/ncs/v2.2.0/zephyr/drivers/bluetooth/hci/rpmsg.c:204:13:bt_rpmsg_rx	16	static
C:/ncs/v2.2.0/zephyr/drivers/bluetooth/hci/rpmsg.c:281:13:hci_ept_recv	8	static
C:/ncs/v2.2.0/zephyr/drivers/bluetooth/hci/rpmsg.c:276:13:hci_ept_bound	8	static
C:/ncs/v2.2.0/zephyr/drivers/bluetooth/hci/rpmsg.c:294:12:bt_rpmsg_open	16	static
