../src/audio/audio_datapath.c:161:13:hfclkaudio_set	0	static
../src/audio/audio_datapath.c:515:12:alt_buffer_get	0	static
../src/audio/audio_datapath.c:536:13:alt_buffer_free	0	static
../src/audio/audio_datapath.c:548:13:alt_buffer_free_both	0	static
../src/audio/audio_datapath.c:436:13:tone_stop_worker	8	static
../src/audio/audio_datapath.c:445:13:tone_stop_timer_handler	8	static
../src/audio/audio_datapath.c:175:13:drift_comp_state_set	56	dynamic,bounded
../src/audio/audio_datapath.c:195:13:audio_datapath_drift_compensation	8	static
../src/audio/audio_datapath.c:286:13:pres_comp_state_set	56	dynamic,bounded
../src/audio/audio_datapath.c:316:13:audio_datapath_presentation_compensation	32	static
../src/audio/audio_datapath.c:668:13:audio_datapath_i2s_start	144	dynamic,bounded
../src/audio/audio_datapath.c:708:13:audio_datapath_i2s_stop	8	static
../src/audio/audio_datapath.c:482:13:tone_mix	128	static
../src/audio/audio_datapath.c:564:13:audio_datapath_i2s_blk_complete	120	dynamic,bounded
../src/audio/audio_datapath.c:1004:12:cmd_hfclkaudio_drift_comp_disable	8	static
../src/audio/audio_datapath.c:991:12:cmd_hfclkaudio_drift_comp_enable	8	static
../src/audio/audio_datapath.c:452:5:audio_datapath_tone_play	24	static
../src/audio/audio_datapath.c:476:6:audio_datapath_tone_stop	8	static
../src/audio/audio_datapath.c:979:12:cmd_i2s_tone_stop	8	static
../src/audio/audio_datapath.c:927:12:cmd_i2s_tone_play	56	static
../src/audio/audio_datapath.c:714:5:audio_datapath_pres_delay_us_set	16	static
../src/audio/audio_datapath.c:728:6:audio_datapath_pres_delay_us_get	0	static
../src/audio/audio_datapath.c:733:6:audio_datapath_just_in_time_check_and_adjust	16	static
../src/audio/audio_datapath.c:757:6:audio_datapath_sdu_ref_update	16	static
../src/audio/audio_datapath.c:766:6:audio_datapath_stream_out	56	static
../src/audio/audio_datapath.c:877:5:audio_datapath_start	16	static
../src/audio/audio_datapath.c:901:5:audio_datapath_stop	16	static
../src/audio/audio_datapath.c:916:5:audio_datapath_init	8	static
