../src/audio/audio_system.c:69:13:audio_headset_configure	0	static
../src/audio/audio_system.c:92:13:encoder_thread	3200	dynamic,bounded
../src/audio/audio_system.c:167:5:audio_encode_test_tone_set	56	dynamic,bounded
../src/audio/audio_system.c:187:5:audio_decode	112	static
../src/audio/audio_system.c:272:6:audio_system_start	352	dynamic,bounded
../src/audio/audio_system.c:385:12:cmd_audio_system_start	8	static
../src/audio/audio_system.c:322:6:audio_system_stop	192	dynamic,bounded
../src/audio/audio_system.c:397:12:cmd_audio_system_stop	8	static
../src/audio/audio_system.c:351:5:audio_system_fifo_rx_block_drop	56	static
../src/audio/audio_system.c:369:6:audio_system_init	88	dynamic,bounded
