../src/audio/audio_datapath.c:159:13:hfclkaudio_set	0	static
../src/audio/audio_datapath.c:513:12:alt_buffer_get	0	static
../src/audio/audio_datapath.c:534:13:alt_buffer_free	0	static
../src/audio/audio_datapath.c:546:13:alt_buffer_free_both	0	static
../src/audio/audio_datapath.c:434:13:tone_stop_worker	8	static
../src/audio/audio_datapath.c:443:13:tone_stop_timer_handler	8	static
../src/audio/audio_datapath.c:173:13:drift_comp_state_set	80	dynamic,bounded
../src/audio/audio_datapath.c:193:13:audio_datapath_drift_compensation	8	static
../src/audio/audio_datapath.c:284:13:pres_comp_state_set	96	dynamic,bounded
../src/audio/audio_datapath.c:314:13:audio_datapath_presentation_compensation	104	dynamic,bounded
../src/audio/audio_datapath.c:679:13:audio_datapath_i2s_start	240	dynamic,bounded
../src/audio/audio_datapath.c:719:13:audio_datapath_i2s_stop	8	static
../src/audio/audio_datapath.c:480:13:tone_mix	200	dynamic,bounded
../src/audio/audio_datapath.c:562:13:audio_datapath_i2s_blk_complete	360	dynamic,bounded
../src/audio/audio_datapath.c:1006:12:cmd_hfclkaudio_drift_comp_disable	8	static
../src/audio/audio_datapath.c:993:12:cmd_hfclkaudio_drift_comp_enable	8	static
../src/audio/audio_datapath.c:450:5:audio_datapath_tone_play	24	static
../src/audio/audio_datapath.c:474:6:audio_datapath_tone_stop	8	static
../src/audio/audio_datapath.c:981:12:cmd_i2s_tone_stop	8	static
../src/audio/audio_datapath.c:929:12:cmd_i2s_tone_play	56	static
../src/audio/audio_datapath.c:725:5:audio_datapath_pres_delay_us_set	56	dynamic,bounded
../src/audio/audio_datapath.c:739:6:audio_datapath_pres_delay_us_get	0	static
../src/audio/audio_datapath.c:744:6:audio_datapath_just_in_time_check_and_adjust	40	static
../src/audio/audio_datapath.c:768:6:audio_datapath_sdu_ref_update	40	static
../src/audio/audio_datapath.c:777:6:audio_datapath_stream_out	240	dynamic,bounded
../src/audio/audio_datapath.c:879:5:audio_datapath_start	40	static
../src/audio/audio_datapath.c:903:5:audio_datapath_stop	16	static
../src/audio/audio_datapath.c:918:5:audio_datapath_init	8	static
