C:/ncs/v2.2.0/zephyr/subsys/bluetooth/audio/media_proxy.c:1709:13:pl_calls_is_valid	0	static
C:/ncs/v2.2.0/zephyr/subsys/bluetooth/audio/media_proxy.c:79:5:media_proxy_sctrl_register	0	static
C:/ncs/v2.2.0/zephyr/subsys/bluetooth/audio/media_proxy.c:85:13:media_proxy_sctrl_get_player_name	8	static
C:/ncs/v2.2.0/zephyr/subsys/bluetooth/audio/media_proxy.c:98:13:media_proxy_sctrl_get_icon_url	8	static
C:/ncs/v2.2.0/zephyr/subsys/bluetooth/audio/media_proxy.c:103:13:media_proxy_sctrl_get_track_title	8	static
C:/ncs/v2.2.0/zephyr/subsys/bluetooth/audio/media_proxy.c:108:9:media_proxy_sctrl_get_track_duration	8	static
C:/ncs/v2.2.0/zephyr/subsys/bluetooth/audio/media_proxy.c:113:9:media_proxy_sctrl_get_track_position	8	static
C:/ncs/v2.2.0/zephyr/subsys/bluetooth/audio/media_proxy.c:118:6:media_proxy_sctrl_set_track_position	8	static
C:/ncs/v2.2.0/zephyr/subsys/bluetooth/audio/media_proxy.c:123:8:media_proxy_sctrl_get_playback_speed	8	static
C:/ncs/v2.2.0/zephyr/subsys/bluetooth/audio/media_proxy.c:128:6:media_proxy_sctrl_set_playback_speed	8	static
C:/ncs/v2.2.0/zephyr/subsys/bluetooth/audio/media_proxy.c:133:8:media_proxy_sctrl_get_seeking_speed	8	static
C:/ncs/v2.2.0/zephyr/subsys/bluetooth/audio/media_proxy.c:180:9:media_proxy_sctrl_get_playing_order	8	static
C:/ncs/v2.2.0/zephyr/subsys/bluetooth/audio/media_proxy.c:185:6:media_proxy_sctrl_set_playing_order	8	static
C:/ncs/v2.2.0/zephyr/subsys/bluetooth/audio/media_proxy.c:190:10:media_proxy_sctrl_get_playing_orders_supported	8	static
C:/ncs/v2.2.0/zephyr/subsys/bluetooth/audio/media_proxy.c:195:9:media_proxy_sctrl_get_media_state	8	static
C:/ncs/v2.2.0/zephyr/subsys/bluetooth/audio/media_proxy.c:200:6:media_proxy_sctrl_send_command	8	static
C:/ncs/v2.2.0/zephyr/subsys/bluetooth/audio/media_proxy.c:205:10:media_proxy_sctrl_get_commands_supported	8	static
C:/ncs/v2.2.0/zephyr/subsys/bluetooth/audio/media_proxy.c:223:9:media_proxy_sctrl_get_content_ctrl_id	8	static
C:/ncs/v2.2.0/zephyr/subsys/bluetooth/audio/media_proxy.c:628:5:media_proxy_ctrl_register	8	static
C:/ncs/v2.2.0/zephyr/subsys/bluetooth/audio/media_proxy.c:731:5:media_proxy_ctrl_get_player_name	8	static
C:/ncs/v2.2.0/zephyr/subsys/bluetooth/audio/media_proxy.c:768:5:media_proxy_ctrl_get_icon_id	8	static
C:/ncs/v2.2.0/zephyr/subsys/bluetooth/audio/media_proxy.c:803:5:media_proxy_ctrl_get_icon_url	8	static
C:/ncs/v2.2.0/zephyr/subsys/bluetooth/audio/media_proxy.c:838:5:media_proxy_ctrl_get_track_title	8	static
C:/ncs/v2.2.0/zephyr/subsys/bluetooth/audio/media_proxy.c:873:5:media_proxy_ctrl_get_track_duration	8	static
C:/ncs/v2.2.0/zephyr/subsys/bluetooth/audio/media_proxy.c:909:5:media_proxy_ctrl_get_track_position	8	static
C:/ncs/v2.2.0/zephyr/subsys/bluetooth/audio/media_proxy.c:945:5:media_proxy_ctrl_set_track_position	16	static
C:/ncs/v2.2.0/zephyr/subsys/bluetooth/audio/media_proxy.c:980:5:media_proxy_ctrl_get_playback_speed	8	static
C:/ncs/v2.2.0/zephyr/subsys/bluetooth/audio/media_proxy.c:1015:5:media_proxy_ctrl_set_playback_speed	16	static
C:/ncs/v2.2.0/zephyr/subsys/bluetooth/audio/media_proxy.c:1050:5:media_proxy_ctrl_get_seeking_speed	8	static
C:/ncs/v2.2.0/zephyr/subsys/bluetooth/audio/media_proxy.c:1085:5:media_proxy_ctrl_get_track_segments_id	16	static
C:/ncs/v2.2.0/zephyr/subsys/bluetooth/audio/media_proxy.c:1121:5:media_proxy_ctrl_get_current_track_id	16	static
C:/ncs/v2.2.0/zephyr/subsys/bluetooth/audio/media_proxy.c:1156:5:media_proxy_ctrl_set_current_track_id	24	static
C:/ncs/v2.2.0/zephyr/subsys/bluetooth/audio/media_proxy.c:1197:5:media_proxy_ctrl_get_next_track_id	16	static
C:/ncs/v2.2.0/zephyr/subsys/bluetooth/audio/media_proxy.c:1232:5:media_proxy_ctrl_set_next_track_id	24	static
C:/ncs/v2.2.0/zephyr/subsys/bluetooth/audio/media_proxy.c:1273:5:media_proxy_ctrl_get_parent_group_id	16	static
C:/ncs/v2.2.0/zephyr/subsys/bluetooth/audio/media_proxy.c:1308:5:media_proxy_ctrl_get_current_group_id	16	static
C:/ncs/v2.2.0/zephyr/subsys/bluetooth/audio/media_proxy.c:1343:5:media_proxy_ctrl_set_current_group_id	24	static
C:/ncs/v2.2.0/zephyr/subsys/bluetooth/audio/media_proxy.c:1384:5:media_proxy_ctrl_get_playing_order	8	static
C:/ncs/v2.2.0/zephyr/subsys/bluetooth/audio/media_proxy.c:1420:5:media_proxy_ctrl_set_playing_order	16	static
C:/ncs/v2.2.0/zephyr/subsys/bluetooth/audio/media_proxy.c:1455:5:media_proxy_ctrl_get_playing_orders_supported	8	static
C:/ncs/v2.2.0/zephyr/subsys/bluetooth/audio/media_proxy.c:1491:5:media_proxy_ctrl_get_media_state	8	static
C:/ncs/v2.2.0/zephyr/subsys/bluetooth/audio/media_proxy.c:1526:5:media_proxy_ctrl_send_command	16	static
C:/ncs/v2.2.0/zephyr/subsys/bluetooth/audio/media_proxy.c:1561:5:media_proxy_ctrl_get_commands_supported	8	static
C:/ncs/v2.2.0/zephyr/subsys/bluetooth/audio/media_proxy.c:1597:5:media_proxy_ctrl_send_search	16	static
C:/ncs/v2.2.0/zephyr/subsys/bluetooth/audio/media_proxy.c:1632:5:media_proxy_ctrl_get_search_results_id	16	static
C:/ncs/v2.2.0/zephyr/subsys/bluetooth/audio/media_proxy.c:1668:9:media_proxy_ctrl_get_content_ctrl_id	8	static
C:/ncs/v2.2.0/zephyr/subsys/bluetooth/audio/media_proxy.c:1860:5:media_proxy_pl_register	8	static
C:/ncs/v2.2.0/zephyr/subsys/bluetooth/audio/media_proxy.c:1885:6:media_proxy_pl_track_changed_cb	8	static
C:/ncs/v2.2.0/zephyr/subsys/bluetooth/audio/media_proxy.c:1896:6:media_proxy_pl_track_title_cb	16	static
C:/ncs/v2.2.0/zephyr/subsys/bluetooth/audio/media_proxy.c:1907:6:media_proxy_pl_track_duration_cb	16	static
C:/ncs/v2.2.0/zephyr/subsys/bluetooth/audio/media_proxy.c:1918:6:media_proxy_pl_track_position_cb	16	static
C:/ncs/v2.2.0/zephyr/subsys/bluetooth/audio/media_proxy.c:1929:6:media_proxy_pl_playback_speed_cb	16	static
C:/ncs/v2.2.0/zephyr/subsys/bluetooth/audio/media_proxy.c:1940:6:media_proxy_pl_seeking_speed_cb	16	static
C:/ncs/v2.2.0/zephyr/subsys/bluetooth/audio/media_proxy.c:1997:6:media_proxy_pl_playing_order_cb	16	static
C:/ncs/v2.2.0/zephyr/subsys/bluetooth/audio/media_proxy.c:2008:6:media_proxy_pl_media_state_cb	16	static
C:/ncs/v2.2.0/zephyr/subsys/bluetooth/audio/media_proxy.c:2019:6:media_proxy_pl_command_cb	24	static
C:/ncs/v2.2.0/zephyr/subsys/bluetooth/audio/media_proxy.c:2035:6:media_proxy_pl_commands_supported_cb	16	static
