C:/ncs/v2.2.0/zephyr/subsys/bluetooth/audio/mpl.c:972:13:do_prev_track	0	static
C:/ncs/v2.2.0/zephyr/subsys/bluetooth/audio/mpl.c:993:13:do_next_track_normal_order	0	static
C:/ncs/v2.2.0/zephyr/subsys/bluetooth/audio/mpl.c:1020:13:do_next_track_next_track_set	0	static
C:/ncs/v2.2.0/zephyr/subsys/bluetooth/audio/mpl.c:1038:13:do_first_track	0	static
C:/ncs/v2.2.0/zephyr/subsys/bluetooth/audio/mpl.c:1061:13:do_last_track	0	static
C:/ncs/v2.2.0/zephyr/subsys/bluetooth/audio/mpl.c:1084:13:do_goto_track	4	static
C:/ncs/v2.2.0/zephyr/subsys/bluetooth/audio/mpl.c:1133:13:do_prev_group	0	static
C:/ncs/v2.2.0/zephyr/subsys/bluetooth/audio/mpl.c:1153:13:do_next_group	0	static
C:/ncs/v2.2.0/zephyr/subsys/bluetooth/audio/mpl.c:1173:13:do_first_group	0	static
C:/ncs/v2.2.0/zephyr/subsys/bluetooth/audio/mpl.c:1196:13:do_last_group	0	static
C:/ncs/v2.2.0/zephyr/subsys/bluetooth/audio/mpl.c:1219:14:do_goto_group	0	static
C:/ncs/v2.2.0/zephyr/subsys/bluetooth/audio/mpl.c:2369:13:get_player_name	0	static
C:/ncs/v2.2.0/zephyr/subsys/bluetooth/audio/mpl.c:2381:13:get_icon_url	0	static
C:/ncs/v2.2.0/zephyr/subsys/bluetooth/audio/mpl.c:2386:13:get_track_title	0	static
C:/ncs/v2.2.0/zephyr/subsys/bluetooth/audio/mpl.c:2391:9:get_track_duration	0	static
C:/ncs/v2.2.0/zephyr/subsys/bluetooth/audio/mpl.c:2396:9:get_track_position	0	static
C:/ncs/v2.2.0/zephyr/subsys/bluetooth/audio/mpl.c:2434:8:get_playback_speed	0	static
C:/ncs/v2.2.0/zephyr/subsys/bluetooth/audio/mpl.c:2448:8:get_seeking_speed	0	static
C:/ncs/v2.2.0/zephyr/subsys/bluetooth/audio/mpl.c:2567:9:get_playing_order	0	static
C:/ncs/v2.2.0/zephyr/subsys/bluetooth/audio/mpl.c:2582:10:get_playing_orders_supported	0	static
C:/ncs/v2.2.0/zephyr/subsys/bluetooth/audio/mpl.c:2587:9:get_media_state	0	static
C:/ncs/v2.2.0/zephyr/subsys/bluetooth/audio/mpl.c:2592:6:send_command	16	static
C:/ncs/v2.2.0/zephyr/subsys/bluetooth/audio/mpl.c:2610:10:get_commands_supported	0	static
C:/ncs/v2.2.0/zephyr/subsys/bluetooth/audio/mpl.c:2688:9:get_content_ctrl_id	0	static
C:/ncs/v2.2.0/zephyr/subsys/bluetooth/audio/mpl.c:2401:6:set_track_position	8	static
C:/ncs/v2.2.0/zephyr/subsys/bluetooth/audio/mpl.c:2439:6:set_playback_speed	8	static
C:/ncs/v2.2.0/zephyr/subsys/bluetooth/audio/mpl.c:2572:6:set_playing_order	8	static
C:/ncs/v2.2.0/zephyr/subsys/bluetooth/audio/mpl.c:879:6:do_prev_segment	0	static
C:/ncs/v2.2.0/zephyr/subsys/bluetooth/audio/mpl.c:892:6:do_next_segment	0	static
C:/ncs/v2.2.0/zephyr/subsys/bluetooth/audio/mpl.c:905:6:do_first_segment	0	static
C:/ncs/v2.2.0/zephyr/subsys/bluetooth/audio/mpl.c:918:6:do_last_segment	0	static
C:/ncs/v2.2.0/zephyr/subsys/bluetooth/audio/mpl.c:931:6:do_goto_segment	0	static
C:/ncs/v2.2.0/zephyr/subsys/bluetooth/audio/mpl.c:1267:6:do_track_change_notifications	8	static
C:/ncs/v2.2.0/zephyr/subsys/bluetooth/audio/mpl.c:1284:6:do_group_change_notifications	0	static
C:/ncs/v2.2.0/zephyr/subsys/bluetooth/audio/mpl.c:1291:6:do_full_prev_group	8	static
C:/ncs/v2.2.0/zephyr/subsys/bluetooth/audio/mpl.c:1314:6:do_full_next_group	8	static
C:/ncs/v2.2.0/zephyr/subsys/bluetooth/audio/mpl.c:1337:6:do_full_first_group	8	static
C:/ncs/v2.2.0/zephyr/subsys/bluetooth/audio/mpl.c:1360:6:do_full_last_group	8	static
C:/ncs/v2.2.0/zephyr/subsys/bluetooth/audio/mpl.c:1383:6:do_full_goto_group	8	static
C:/ncs/v2.2.0/zephyr/subsys/bluetooth/audio/mpl.c:1407:6:inactive_state_command_handler	16	static
C:/ncs/v2.2.0/zephyr/subsys/bluetooth/audio/mpl.c:1567:6:playing_state_command_handler	16	static
C:/ncs/v2.2.0/zephyr/subsys/bluetooth/audio/mpl.c:1793:6:paused_state_command_handler	16	static
C:/ncs/v2.2.0/zephyr/subsys/bluetooth/audio/mpl.c:2019:6:seeking_state_command_handler	16	static
C:/ncs/v2.2.0/zephyr/subsys/bluetooth/audio/mpl.c:2693:5:media_proxy_pl_init	16	static
