C:/ncs/v2.2.0/zephyr/include/zephyr/sys/slist.h:401:1:sys_slist_remove	0	static
C:/ncs/v2.2.0/zephyr/include/zephyr/sys/slist.h:417:1:sys_slist_find_and_remove	8	static
C:/ncs/v2.2.0/zephyr/subsys/bluetooth/audio/pacs.c:164:13:foreach_cap	16	static
C:/ncs/v2.2.0/zephyr/subsys/bluetooth/audio/pacs.c:191:13:available_context_cfg_changed	0	static
C:/ncs/v2.2.0/zephyr/subsys/bluetooth/audio/pacs.c:212:13:supported_context_cfg_changed	0	static
C:/ncs/v2.2.0/zephyr/subsys/bluetooth/audio/pacs.c:276:13:snk_cfg_changed	0	static
C:/ncs/v2.2.0/zephyr/subsys/bluetooth/audio/pacs.c:310:13:snk_loc_cfg_changed	0	static
C:/ncs/v2.2.0/zephyr/subsys/bluetooth/audio/pacs.c:382:13:src_cfg_changed	0	static
C:/ncs/v2.2.0/zephyr/subsys/bluetooth/audio/pacs.c:416:13:src_loc_cfg_changed	0	static
C:/ncs/v2.2.0/zephyr/subsys/bluetooth/audio/pacs.c:623:21:pacs_get	0	static
C:/ncs/v2.2.0/zephyr/subsys/bluetooth/audio/pacs.c:218:16:supported_context_read	32	static
C:/ncs/v2.2.0/zephyr/subsys/bluetooth/audio/pacs.c:196:16:available_contexts_read	32	static
C:/ncs/v2.2.0/zephyr/subsys/bluetooth/audio/pacs.c:403:16:src_loc_read	32	static
C:/ncs/v2.2.0/zephyr/subsys/bluetooth/audio/pacs.c:297:16:snk_loc_read	32	static
C:/ncs/v2.2.0/zephyr/include/zephyr/bluetooth/gatt.h:1163:19:bt_gatt_notify_uuid	32	static
C:/ncs/v2.2.0/zephyr/subsys/bluetooth/audio/pacs.c:544:13:pac_notify_src_loc	72	dynamic,bounded
C:/ncs/v2.2.0/zephyr/subsys/bluetooth/audio/pacs.c:529:13:pac_notify_snk_loc	72	dynamic,bounded
C:/ncs/v2.2.0/zephyr/subsys/bluetooth/audio/pacs.c:595:13:available_contexts_notify	72	dynamic,bounded
C:/ncs/v2.2.0/zephyr/subsys/bluetooth/audio/pacs.c:176:13:get_pac_records	24	static
C:/ncs/v2.2.0/zephyr/subsys/bluetooth/audio/pacs.c:370:16:src_read	40	static
C:/ncs/v2.2.0/zephyr/subsys/bluetooth/audio/pacs.c:575:13:pac_notify_src	64	dynamic,bounded
C:/ncs/v2.2.0/zephyr/subsys/bluetooth/audio/pacs.c:264:16:snk_read	40	static
C:/ncs/v2.2.0/zephyr/subsys/bluetooth/audio/pacs.c:559:13:pac_notify_snk	64	dynamic,bounded
C:/ncs/v2.2.0/zephyr/subsys/bluetooth/audio/pacs.c:75:16:pac_data_add	40	static
C:/ncs/v2.2.0/zephyr/subsys/bluetooth/audio/pacs.c:105:13:build_pac_records	40	static
C:/ncs/v2.2.0/zephyr/subsys/bluetooth/audio/pacs.c:590:13:pacs_changed	8	static
C:/ncs/v2.2.0/zephyr/subsys/bluetooth/audio/pacs.c:315:12:set_snk_location	8	static
C:/ncs/v2.2.0/zephyr/subsys/bluetooth/audio/pacs.c:421:12:set_src_location	8	static
C:/ncs/v2.2.0/zephyr/subsys/bluetooth/audio/pacs.c:237:12:set_available_contexts	8	static
C:/ncs/v2.2.0/zephyr/subsys/bluetooth/audio/pacs.c:610:6:bt_pacs_context_available	0	static
C:/ncs/v2.2.0/zephyr/subsys/bluetooth/audio/pacs.c:639:6:bt_pacs_cap_foreach	48	static
C:/ncs/v2.2.0/zephyr/subsys/bluetooth/audio/pacs.c:657:5:bt_pacs_cap_register	8	static
C:/ncs/v2.2.0/zephyr/subsys/bluetooth/audio/pacs.c:682:5:bt_pacs_cap_unregister	16	static
C:/ncs/v2.2.0/zephyr/subsys/bluetooth/audio/pacs.c:706:5:bt_pacs_set_location	8	static
C:/ncs/v2.2.0/zephyr/subsys/bluetooth/audio/pacs.c:718:5:bt_pacs_set_available_contexts	8	static
C:/ncs/v2.2.0/zephyr/subsys/bluetooth/audio/pacs.c:730:23:bt_pacs_get_available_contexts	0	static
