C:/ncs/v2.2.0/zephyr/include/zephyr/sys/slist.h:401:1:sys_slist_remove	0	static
C:/ncs/v2.2.0/zephyr/include/zephyr/sys/slist.h:417:1:sys_slist_find_and_remove	8	static
C:/ncs/v2.2.0/zephyr/subsys/bluetooth/audio/endpoint.h:128:27:bt_audio_ep_state_str	0	static
C:/ncs/v2.2.0/zephyr/subsys/bluetooth/audio/stream.c:232:13:bt_audio_stream_is_broadcast	0	static
C:/ncs/v2.2.0/zephyr/subsys/bluetooth/audio/stream.c:377:13:bt_audio_codec_qos_to_cig_param	0	static
C:/ncs/v2.2.0/zephyr/subsys/bluetooth/audio/stream.c:731:13:unicast_group_valid_qos	0	static
C:/ncs/v2.2.0/zephyr/subsys/bluetooth/audio/stream.c:743:13:unicast_group_param_cleanup	24	static
C:/ncs/v2.2.0/zephyr/subsys/bluetooth/audio/stream.c:31:16:pack_bt_codec_cc	24	static
C:/ncs/v2.2.0/zephyr/subsys/bluetooth/audio/stream.c:460:13:audio_stream_qos_cleanup	16	static
C:/ncs/v2.2.0/zephyr/subsys/bluetooth/audio/stream.c:387:12:bt_audio_cig_create	40	static
C:/ncs/v2.2.0/zephyr/subsys/bluetooth/audio/stream.c:430:12:bt_audio_cig_reconfigure	40	static
C:/ncs/v2.2.0/zephyr/subsys/bluetooth/audio/stream.c:52:6:bt_audio_codec_to_iso_path	8	static
C:/ncs/v2.2.0/zephyr/subsys/bluetooth/audio/stream.c:63:6:bt_audio_codec_qos_to_iso_qos	0	static
C:/ncs/v2.2.0/zephyr/subsys/bluetooth/audio/stream.c:71:6:bt_audio_stream_attach	16	static
C:/ncs/v2.2.0/zephyr/subsys/bluetooth/audio/stream.c:93:5:bt_audio_stream_send	8	static
C:/ncs/v2.2.0/zephyr/subsys/bluetooth/audio/stream.c:197:6:bt_audio_valid_qos	0	static
C:/ncs/v2.2.0/zephyr/subsys/bluetooth/audio/stream.c:240:6:bt_audio_valid_stream_qos	0	static
C:/ncs/v2.2.0/zephyr/subsys/bluetooth/audio/stream.c:279:5:bt_audio_stream_disconnect	8	static
C:/ncs/v2.2.0/zephyr/subsys/bluetooth/audio/stream.c:260:6:bt_audio_stream_detach	16	static
C:/ncs/v2.2.0/zephyr/subsys/bluetooth/audio/stream.c:304:6:bt_audio_stream_reset	8	static
C:/ncs/v2.2.0/zephyr/subsys/bluetooth/audio/stream.c:315:6:bt_audio_stream_cb_register	0	static
C:/ncs/v2.2.0/zephyr/subsys/bluetooth/audio/stream.c:323:5:bt_audio_stream_config	56	dynamic,bounded
C:/ncs/v2.2.0/zephyr/subsys/bluetooth/audio/stream.c:475:5:bt_audio_stream_qos	40	static
C:/ncs/v2.2.0/zephyr/subsys/bluetooth/audio/stream.c:626:5:bt_audio_stream_enable	56	dynamic,bounded
C:/ncs/v2.2.0/zephyr/subsys/bluetooth/audio/stream.c:662:5:bt_audio_stream_stop	56	dynamic,bounded
C:/ncs/v2.2.0/zephyr/subsys/bluetooth/audio/stream.c:700:5:bt_audio_cig_terminate	8	static
C:/ncs/v2.2.0/zephyr/subsys/bluetooth/audio/stream.c:707:5:bt_audio_stream_connect	16	static
C:/ncs/v2.2.0/zephyr/subsys/bluetooth/audio/stream.c:758:5:bt_audio_unicast_group_create	48	static
C:/ncs/v2.2.0/zephyr/subsys/bluetooth/audio/stream.c:880:5:bt_audio_unicast_group_add_streams	24	static
C:/ncs/v2.2.0/zephyr/subsys/bluetooth/audio/stream.c:970:5:bt_audio_unicast_group_delete	16	static
C:/ncs/v2.2.0/zephyr/subsys/bluetooth/audio/stream.c:1003:5:bt_audio_stream_reconfig	56	dynamic,bounded
C:/ncs/v2.2.0/zephyr/subsys/bluetooth/audio/stream.c:1056:5:bt_audio_stream_start	56	dynamic,bounded
C:/ncs/v2.2.0/zephyr/subsys/bluetooth/audio/stream.c:1098:5:bt_audio_stream_metadata	56	dynamic,bounded
C:/ncs/v2.2.0/zephyr/subsys/bluetooth/audio/stream.c:1150:5:bt_audio_stream_disable	56	dynamic,bounded
C:/ncs/v2.2.0/zephyr/subsys/bluetooth/audio/stream.c:1194:5:bt_audio_stream_release	56	dynamic,bounded
