C:/ncs/v2.2.0/zephyr/subsys/bluetooth/audio/endpoint.h:128:27:bt_audio_ep_state_str	0	static
C:/ncs/v2.2.0/zephyr/subsys/bluetooth/audio/unicast_client.c:493:13:unicast_client_ep_qos_update	16	static
C:/ncs/v2.2.0/zephyr/subsys/bluetooth/audio/unicast_client.c:123:13:unicast_client_ep_iso_sent	16	static
C:/ncs/v2.2.0/zephyr/subsys/bluetooth/audio/unicast_client.c:79:13:unicast_client_ep_iso_recv	16	static
C:/ncs/v2.2.0/zephyr/subsys/bluetooth/audio/unicast_client.c:185:13:unicast_client_ep_iso_disconnected	16	static
C:/ncs/v2.2.0/zephyr/subsys/bluetooth/audio/unicast_client.c:149:13:unicast_client_ep_iso_connected	16	static
C:/ncs/v2.2.0/zephyr/subsys/bluetooth/audio/unicast_client.c:979:13:unicast_client_codec_data_add	32	static
C:/ncs/v2.2.0/zephyr/subsys/bluetooth/audio/unicast_client.c:1318:12:unicast_client_ep_config	64	dynamic,bounded
C:/ncs/v2.2.0/zephyr/subsys/bluetooth/audio/unicast_client.c:1412:12:unicast_client_ep_enable	72	dynamic,bounded
C:/ncs/v2.2.0/zephyr/subsys/bluetooth/audio/unicast_client.c:1443:12:unicast_client_ep_metadata	72	dynamic,bounded
C:/ncs/v2.2.0/zephyr/subsys/bluetooth/audio/unicast_client.c:1480:12:unicast_client_ep_start	56	dynamic,bounded
C:/ncs/v2.2.0/zephyr/subsys/bluetooth/audio/unicast_client.c:1503:12:unicast_client_ep_disable	56	dynamic,bounded
C:/ncs/v2.2.0/zephyr/subsys/bluetooth/audio/unicast_client.c:1531:12:unicast_client_ep_stop	56	dynamic,bounded
C:/ncs/v2.2.0/zephyr/subsys/bluetooth/audio/unicast_client.c:1554:12:unicast_client_ep_release	56	dynamic,bounded
C:/ncs/v2.2.0/zephyr/subsys/bluetooth/audio/unicast_client.c:472:13:unicast_client_ep_idle_state	16	static
C:/ncs/v2.2.0/zephyr/subsys/bluetooth/audio/unicast_client.c:2448:12:unicast_client_pacs_context_discover	8	static
C:/ncs/v2.2.0/zephyr/subsys/bluetooth/audio/unicast_client.c:2104:12:unicast_client_pacs_avail_ctx_read	8	static
C:/ncs/v2.2.0/zephyr/subsys/bluetooth/audio/unicast_client.c:1993:12:unicast_client_ase_discover	8	static
C:/ncs/v2.2.0/zephyr/subsys/bluetooth/audio/unicast_client.c:2294:12:unicast_client_pacs_location_read	8	static
C:/ncs/v2.2.0/zephyr/subsys/bluetooth/audio/unicast_client.c:2462:35:unicast_client_pac_alloc	8	static
C:/ncs/v2.2.0/zephyr/subsys/bluetooth/audio/unicast_client.c:338:28:unicast_client_ep_find	8	static
C:/ncs/v2.2.0/zephyr/subsys/bluetooth/audio/unicast_client.c:1597:13:unicast_client_reset	8	static
C:/ncs/v2.2.0/zephyr/subsys/bluetooth/audio/unicast_client.c:1606:13:unicast_client_ep_reset	16	static
C:/ncs/v2.2.0/zephyr/subsys/bluetooth/audio/unicast_client.c:326:13:unicast_client_ep_init	16	static
C:/ncs/v2.2.0/zephyr/subsys/bluetooth/audio/unicast_client.c:423:28:unicast_client_ep_new	16	static
C:/ncs/v2.2.0/zephyr/subsys/bluetooth/audio/unicast_client.c:458:28:unicast_client_ep_get	16	static
C:/ncs/v2.2.0/zephyr/subsys/bluetooth/audio/unicast_client.c:2607:13:unicast_client_pac_reset	16	static
C:/ncs/v2.2.0/zephyr/subsys/bluetooth/audio/unicast_client.c:2622:13:unicast_client_disconnected	8	static
C:/ncs/v2.2.0/zephyr/subsys/bluetooth/audio/unicast_client.c:1169:16:unicast_client_cp_notify	32	static
C:/ncs/v2.2.0/zephyr/subsys/bluetooth/audio/unicast_client.c:715:13:unicast_client_ep_streaming_state	24	static
C:/ncs/v2.2.0/zephyr/subsys/bluetooth/audio/unicast_client.c:758:13:unicast_client_ep_disabling_state	16	static
C:/ncs/v2.2.0/zephyr/subsys/bluetooth/audio/unicast_client.c:1035:12:unicast_client_ep_set_codec	32	static
C:/ncs/v2.2.0/zephyr/subsys/bluetooth/audio/unicast_client.c:520:13:unicast_client_ep_config_state	56	static
C:/ncs/v2.2.0/zephyr/subsys/bluetooth/audio/unicast_client.c:1119:12:unicast_client_ep_set_metadata	32	static
C:/ncs/v2.2.0/zephyr/subsys/bluetooth/audio/unicast_client.c:2481:16:unicast_client_read_func	80	static
C:/ncs/v2.2.0/zephyr/subsys/bluetooth/audio/unicast_client.c:661:13:unicast_client_ep_enabling_state	40	static
C:/ncs/v2.2.0/zephyr/subsys/bluetooth/audio/unicast_client.c:999:13:unicast_client_codec_config_store	24	static
C:/ncs/v2.2.0/zephyr/subsys/bluetooth/audio/unicast_client.c:1083:13:unicast_client_codec_metadata_store	24	static
C:/ncs/v2.2.0/zephyr/subsys/bluetooth/audio/unicast_client.c:2370:12:unicast_client_pacs_location_discover	8	static
C:/ncs/v2.2.0/zephyr/subsys/bluetooth/audio/unicast_client.c:2391:16:unicast_client_pacs_context_read_func	56	static
C:/ncs/v2.2.0/zephyr/subsys/bluetooth/audio/unicast_client.c:2185:12:unicast_client_pacs_avail_ctx_discover	8	static
C:/ncs/v2.2.0/zephyr/subsys/bluetooth/audio/unicast_client.c:1904:12:unicast_client_ase_cp_discover	8	static
C:/ncs/v2.2.0/zephyr/subsys/bluetooth/audio/unicast_client.c:2308:16:unicast_client_pacs_location_discover_cb	32	static
C:/ncs/v2.2.0/zephyr/subsys/bluetooth/audio/unicast_client.c:2118:16:unicast_client_pacs_avail_ctx_discover_cb	32	static
C:/ncs/v2.2.0/zephyr/subsys/bluetooth/audio/unicast_client.c:2242:16:unicast_client_pacs_location_notify_cb	40	static
C:/ncs/v2.2.0/zephyr/subsys/bluetooth/audio/unicast_client.c:2199:16:unicast_client_pacs_location_read_func	32	static
C:/ncs/v2.2.0/zephyr/subsys/bluetooth/audio/unicast_client.c:2060:16:unicast_client_pacs_avail_ctx_notify_cb	40	static
C:/ncs/v2.2.0/zephyr/subsys/bluetooth/audio/unicast_client.c:2015:16:unicast_client_pacs_avail_ctx_read_func	48	static
C:/ncs/v2.2.0/zephyr/subsys/bluetooth/audio/unicast_client.c:1264:13:unicast_client_ep_set_cp	16	static
C:/ncs/v2.2.0/zephyr/subsys/bluetooth/audio/unicast_client.c:1874:16:unicast_client_cp_discover_func	32	static
C:/ncs/v2.2.0/zephyr/subsys/bluetooth/audio/unicast_client.c:1244:12:unicast_client_ep_subscribe	8	static
C:/ncs/v2.2.0/zephyr/subsys/bluetooth/audio/unicast_client.c:788:13:unicast_client_ep_releasing_state	16	static
C:/ncs/v2.2.0/zephyr/subsys/bluetooth/audio/unicast_client.c:589:13:unicast_client_ep_qos_state	24	static
C:/ncs/v2.2.0/zephyr/subsys/bluetooth/audio/unicast_client.c:809:13:unicast_client_ep_set_status	352	dynamic,bounded
C:/ncs/v2.2.0/zephyr/subsys/bluetooth/audio/unicast_client.c:1919:16:unicast_client_ase_read_func	40	static
C:/ncs/v2.2.0/zephyr/subsys/bluetooth/audio/unicast_client.c:1215:16:unicast_client_ep_notify	24	static
C:/ncs/v2.2.0/zephyr/subsys/bluetooth/audio/unicast_client.c:231:22:bt_unicast_client_audio_iso_by_stream	4	static
C:/ncs/v2.2.0/zephyr/subsys/bluetooth/audio/unicast_client.c:253:6:bt_unicast_client_ep_unbind_audio_iso	0	static
C:/ncs/v2.2.0/zephyr/subsys/bluetooth/audio/unicast_client.c:258:6:bt_unicast_client_ep_bind_audio_iso	0	static
C:/ncs/v2.2.0/zephyr/subsys/bluetooth/audio/unicast_client.c:266:6:bt_unicast_client_stream_bind_audio_iso	16	static
C:/ncs/v2.2.0/zephyr/subsys/bluetooth/audio/unicast_client.c:301:6:bt_unicast_client_stream_unbind_audio_iso	24	static
C:/ncs/v2.2.0/zephyr/subsys/bluetooth/audio/unicast_client.c:367:22:bt_unicast_client_new_audio_iso	28	static
C:/ncs/v2.2.0/zephyr/subsys/bluetooth/audio/unicast_client.c:1305:24:bt_unicast_client_ep_create_pdu	16	static
C:/ncs/v2.2.0/zephyr/subsys/bluetooth/audio/unicast_client.c:1364:5:bt_unicast_client_ep_qos	64	dynamic,bounded
C:/ncs/v2.2.0/zephyr/subsys/bluetooth/audio/unicast_client.c:1588:5:bt_unicast_client_ep_send	24	static
C:/ncs/v2.2.0/zephyr/subsys/bluetooth/audio/unicast_client.c:1628:6:bt_unicast_client_ep_attach	24	static
C:/ncs/v2.2.0/zephyr/subsys/bluetooth/audio/unicast_client.c:1650:6:bt_unicast_client_ep_detach	24	static
C:/ncs/v2.2.0/zephyr/subsys/bluetooth/audio/unicast_client.c:1668:5:bt_unicast_client_config	24	static
C:/ncs/v2.2.0/zephyr/subsys/bluetooth/audio/unicast_client.c:1694:5:bt_unicast_client_enable	24	static
C:/ncs/v2.2.0/zephyr/subsys/bluetooth/audio/unicast_client.c:1718:5:bt_unicast_client_metadata	24	static
C:/ncs/v2.2.0/zephyr/subsys/bluetooth/audio/unicast_client.c:1742:5:bt_unicast_client_start	24	static
C:/ncs/v2.2.0/zephyr/subsys/bluetooth/audio/unicast_client.c:1785:5:bt_unicast_client_disable	16	static
C:/ncs/v2.2.0/zephyr/subsys/bluetooth/audio/unicast_client.c:1807:5:bt_unicast_client_stop	24	static
C:/ncs/v2.2.0/zephyr/subsys/bluetooth/audio/unicast_client.c:1837:5:bt_unicast_client_release	24	static
C:/ncs/v2.2.0/zephyr/subsys/bluetooth/audio/unicast_client.c:2635:5:bt_audio_discover	16	static
C:/ncs/v2.2.0/zephyr/subsys/bluetooth/audio/unicast_client.c:2685:5:bt_audio_unicast_client_register_cb	0	static
