C:/ncs/v2.2.0/zephyr/subsys/bluetooth/audio/vcs_client.c:196:13:vcs_cp_notify_app	8	static
C:/ncs/v2.2.0/zephyr/subsys/bluetooth/audio/vcs_client.c:681:13:vcs_client_reset	16	static
C:/ncs/v2.2.0/zephyr/subsys/bluetooth/audio/vcs_client.c:712:13:disconnected	8	static
C:/ncs/v2.2.0/zephyr/subsys/bluetooth/audio/vcs_client.c:90:16:vcs_client_notify_handler	24	static
C:/ncs/v2.2.0/zephyr/subsys/bluetooth/audio/vcs_client.c:125:16:vcs_client_read_vol_state_cb	32	static
C:/ncs/v2.2.0/zephyr/subsys/bluetooth/audio/vcs_client.c:163:16:vcs_client_read_flag_cb	32	static
C:/ncs/v2.2.0/zephyr/subsys/bluetooth/audio/vcs_client.c:520:16:primary_discover_func	24	static
C:/ncs/v2.2.0/zephyr/subsys/bluetooth/audio/vcs_client.c:438:16:vcs_discover_func	40	static
C:/ncs/v2.2.0/zephyr/subsys/bluetooth/audio/vcs_client.c:567:12:vcs_client_common_vcs_cp	8	static
C:/ncs/v2.2.0/zephyr/subsys/bluetooth/audio/vcs_client.c:295:13:vcs_client_write_vcs_cp_cb	40	static
C:/ncs/v2.2.0/zephyr/subsys/bluetooth/audio/vcs_client.c:36:6:bt_vcs_client_valid_vocs_inst	0	static
C:/ncs/v2.2.0/zephyr/subsys/bluetooth/audio/vcs_client.c:63:6:bt_vcs_client_valid_aics_inst	0	static
C:/ncs/v2.2.0/zephyr/subsys/bluetooth/audio/vcs_client.c:760:5:bt_vcs_discover	56	static
C:/ncs/v2.2.0/zephyr/subsys/bluetooth/audio/vcs_client.c:811:5:bt_vcs_client_cb_register	0	static
C:/ncs/v2.2.0/zephyr/subsys/bluetooth/audio/vcs_client.c:870:5:bt_vcs_client_included_get	0	static
C:/ncs/v2.2.0/zephyr/subsys/bluetooth/audio/vcs_client.c:886:5:bt_vcs_client_conn_get	0	static
C:/ncs/v2.2.0/zephyr/subsys/bluetooth/audio/vcs_client.c:908:5:bt_vcs_client_read_vol_state	8	static
C:/ncs/v2.2.0/zephyr/subsys/bluetooth/audio/vcs_client.c:937:5:bt_vcs_client_read_flags	8	static
C:/ncs/v2.2.0/zephyr/subsys/bluetooth/audio/vcs_client.c:966:5:bt_vcs_client_vol_down	8	static
C:/ncs/v2.2.0/zephyr/subsys/bluetooth/audio/vcs_client.c:971:5:bt_vcs_client_vol_up	8	static
C:/ncs/v2.2.0/zephyr/subsys/bluetooth/audio/vcs_client.c:976:5:bt_vcs_client_unmute_vol_down	8	static
C:/ncs/v2.2.0/zephyr/subsys/bluetooth/audio/vcs_client.c:981:5:bt_vcs_client_unmute_vol_up	8	static
C:/ncs/v2.2.0/zephyr/subsys/bluetooth/audio/vcs_client.c:986:5:bt_vcs_client_set_volume	8	static
C:/ncs/v2.2.0/zephyr/subsys/bluetooth/audio/vcs_client.c:244:16:internal_read_vol_state_cb	40	static
C:/ncs/v2.2.0/zephyr/subsys/bluetooth/audio/vcs_client.c:1021:5:bt_vcs_client_unmute	8	static
C:/ncs/v2.2.0/zephyr/subsys/bluetooth/audio/vcs_client.c:1026:5:bt_vcs_client_mute	8	static
