C:/ncs/v2.2.0/zephyr/include/zephyr/sys/slist.h:358:1:sys_slist_insert	0	static
C:/ncs/v2.2.0/zephyr/include/zephyr/sys/slist.h:401:1:sys_slist_remove	0	static
C:/ncs/v2.2.0/zephyr/include/zephyr/sys/slist.h:417:1:sys_slist_find_and_remove	8	static
C:/ncs/v2.2.0/zephyr/include/zephyr/sys/byteorder.h:554:20:sys_mem_swap	4	static
C:/ncs/v2.2.0/zephyr/subsys/bluetooth/host/gatt.c:428:13:update_range	4	static
C:/ncs/v2.2.0/zephyr/subsys/bluetooth/host/gatt.c:585:13:cf_set_value	8	static
C:/ncs/v2.2.0/zephyr/subsys/bluetooth/host/gatt.c:1048:16:found_attr	0	static
C:/ncs/v2.2.0/zephyr/subsys/bluetooth/host/gatt.c:1067:13:gatt_insert	8	static
C:/ncs/v2.2.0/zephyr/subsys/bluetooth/host/gatt.c:1255:13:gatt_ccc_conn_queue_is_empty	0	static
C:/ncs/v2.2.0/zephyr/subsys/bluetooth/host/gatt.c:1858:16:find_next	0	static
C:/ncs/v2.2.0/zephyr/subsys/bluetooth/host/gatt.c:1917:13:gatt_ccc_changed	8	static
C:/ncs/v2.2.0/zephyr/subsys/bluetooth/host/gatt.c:2291:13:gatt_indicate_rsp	8	static
C:/ncs/v2.2.0/zephyr/subsys/bluetooth/host/gatt.c:2561:16:match_uuid	0	static
C:/ncs/v2.2.0/zephyr/subsys/bluetooth/host/gatt.c:3205:13:gatt_sub_is_empty	0	static
C:/ncs/v2.2.0/zephyr/subsys/bluetooth/host/gatt.c:3299:13:check_subscribe_security_level	0	static
C:/ncs/v2.2.0/zephyr/subsys/bluetooth/host/gatt.c:3422:13:gatt_mtu_rsp	8	static
C:/ncs/v2.2.0/zephyr/subsys/bluetooth/host/gatt.c:3866:17:parse_read_std_char_desc	64	static
C:/ncs/v2.2.0/zephyr/subsys/bluetooth/host/gatt.c:4493:13:gatt_read_mult_rsp	24	static
C:/ncs/v2.2.0/zephyr/subsys/bluetooth/host/gatt.c:4660:13:gatt_write_rsp	8	static
C:/ncs/v2.2.0/zephyr/subsys/bluetooth/host/gatt.c:5419:12:ccc_set_cb	0	static
C:/ncs/v2.2.0/zephyr/subsys/bluetooth/host/gatt.c:1288:13:bt_gatt_service_init	8	static
C:/ncs/v2.2.0/zephyr/subsys/bluetooth/host/gatt.c:690:16:gen_hash_m	56	static
C:/ncs/v2.2.0/zephyr/subsys/bluetooth/host/gatt.c:4010:17:parse_service	120	dynamic,bounded
C:/ncs/v2.2.0/zephyr/subsys/bluetooth/host/gatt.c:5861:12:db_hash_set	64	dynamic,bounded
C:/ncs/v2.2.0/zephyr/subsys/bluetooth/host/gatt.c:765:13:db_hash_store	56	dynamic,bounded
C:/ncs/v2.2.0/zephyr/subsys/bluetooth/host/gatt.c:551:28:find_cf_cfg	16	static
C:/ncs/v2.2.0/zephyr/subsys/bluetooth/host/gatt.c:312:28:find_sc_cfg	16	static
C:/ncs/v2.2.0/zephyr/subsys/bluetooth/host/gatt.c:1878:32:find_ccc_cfg	24	static
C:/ncs/v2.2.0/zephyr/subsys/bluetooth/host/gatt.c:3235:25:gatt_sub_find	16	static
C:/ncs/v2.2.0/zephyr/subsys/bluetooth/host/gatt.c:3268:25:gatt_sub_find_by_addr	24	static
C:/ncs/v2.2.0/zephyr/subsys/bluetooth/host/gatt.c:5253:32:ccc_find_cfg	24	static
C:/ncs/v2.2.0/zephyr/subsys/bluetooth/host/gatt.c:5627:16:ccc_save	16	static
C:/ncs/v2.2.0/zephyr/subsys/bluetooth/host/gatt.c:5602:28:find_cf_cfg_by_addr	16	static
C:/ncs/v2.2.0/zephyr/subsys/bluetooth/host/gatt.c:5992:25:find_gatt_sub	24	static
C:/ncs/v2.2.0/zephyr/include/zephyr/sys/atomic.h:131:20:atomic_test_bit	0	static
C:/ncs/v2.2.0/zephyr/include/zephyr/sys/atomic.h:176:20:atomic_test_and_set_bit	0	static
C:/ncs/v2.2.0/zephyr/include/zephyr/bluetooth/addr.h:126:20:bt_addr_le_copy	0	static
C:/ncs/v2.2.0/zephyr/subsys/bluetooth/host/gatt.c:613:16:cf_write	56	static
C:/ncs/v2.2.0/zephyr/subsys/bluetooth/host/gatt.c:977:16:convert_to_id_on_match	24	static
C:/ncs/v2.2.0/zephyr/subsys/bluetooth/host/gatt.c:1213:13:clear_ccc_cfg	8	static
C:/ncs/v2.2.0/zephyr/subsys/bluetooth/host/gatt.c:5278:13:ccc_clear	8	static
C:/ncs/v2.2.0/zephyr/subsys/bluetooth/host/gatt.c:3252:25:gatt_sub_add	16	static
C:/ncs/v2.2.0/zephyr/subsys/bluetooth/host/gatt.c:3212:13:gatt_sub_free	8	static
C:/ncs/v2.2.0/zephyr/subsys/bluetooth/host/gatt.c:3218:13:gatt_sub_remove	24	static
C:/ncs/v2.2.0/zephyr/subsys/bluetooth/host/gatt.c:6006:13:bt_gatt_clear_subscriptions	16	static
C:/ncs/v2.2.0/zephyr/subsys/bluetooth/host/gatt.c:3282:25:gatt_sub_add_by_addr	16	static
C:/ncs/v2.2.0/zephyr/subsys/bluetooth/host/gatt.c:5293:16:ccc_load	16	static
C:/ncs/v2.2.0/zephyr/subsys/bluetooth/host/gatt.c:3386:13:gatt_sub_update	8	static
C:/ncs/v2.2.0/zephyr/subsys/bluetooth/host/gatt.c:3396:13:remove_subscriptions	24	static
C:/ncs/v2.2.0/zephyr/subsys/bluetooth/host/gatt.c:326:13:sc_store	96	dynamic,bounded
C:/ncs/v2.2.0/zephyr/subsys/bluetooth/host/gatt.c:451:13:sc_save	56	static
C:/ncs/v2.2.0/zephyr/subsys/bluetooth/host/gatt.c:922:12:bt_gatt_store_cf	104	dynamic,bounded
C:/ncs/v2.2.0/zephyr/subsys/bluetooth/host/gatt.c:353:13:clear_sc_cfg	0	static
C:/ncs/v2.2.0/zephyr/subsys/bluetooth/host/gatt.c:358:12:bt_gatt_clear_sc	104	dynamic,bounded
C:/ncs/v2.2.0/zephyr/subsys/bluetooth/host/gatt.c:398:13:sc_clear	64	dynamic,bounded
C:/ncs/v2.2.0/zephyr/subsys/bluetooth/host/gatt.c:489:16:sc_ccc_cfg_write	8	static
C:/ncs/v2.2.0/zephyr/subsys/bluetooth/host/gatt.c:417:13:sc_reset	8	static
C:/ncs/v2.2.0/zephyr/subsys/bluetooth/host/gatt.c:5908:16:remove_peer_from_attr	8	static
C:/ncs/v2.2.0/zephyr/subsys/bluetooth/host/gatt.c:2931:13:sc_restore_rsp	16	static
C:/ncs/v2.2.0/zephyr/subsys/bluetooth/host/gatt.c:1351:13:sc_indicate	8	static
C:/ncs/v2.2.0/zephyr/subsys/bluetooth/host/gatt.c:1143:13:sc_indicate_rsp	8	static
C:/ncs/v2.2.0/zephyr/subsys/bluetooth/host/gatt.c:4907:13:gatt_write_ccc_rsp	56	static
C:/ncs/v2.2.0/zephyr/subsys/bluetooth/host/gatt.c:5778:12:sc_commit	8	static
C:/ncs/v2.2.0/zephyr/include/zephyr/sys/atomic.h:152:20:atomic_test_and_clear_bit	4	static
C:/ncs/v2.2.0/zephyr/subsys/bluetooth/host/gatt.c:1609:16:get_service_handles	24	static
C:/ncs/v2.2.0/zephyr/subsys/bluetooth/host/gatt.c:1742:16:gatt_foreach_iter	16	static
C:/ncs/v2.2.0/zephyr/subsys/bluetooth/host/gatt.c:1782:13:foreach_attr_type_dyndb	64	static
C:/ncs/v2.2.0/zephyr/subsys/bluetooth/host/gatt.c:3785:17:parse_characteristic	128	dynamic,bounded
C:/ncs/v2.2.0/zephyr/subsys/bluetooth/host/gatt.c:5877:12:db_hash_commit	64	dynamic,bounded
C:/ncs/v2.2.0/zephyr/subsys/bluetooth/host/gatt.c:3071:16:disconnected_cb	40	static
C:/ncs/v2.2.0/zephyr/subsys/bluetooth/host/gatt.c:1382:13:db_changed	16	static
C:/ncs/v2.2.0/zephyr/subsys/bluetooth/host/gatt.c:1226:13:gatt_ccc_conn_is_queued	8	static
C:/ncs/v2.2.0/zephyr/subsys/bluetooth/host/gatt.c:1231:13:gatt_ccc_conn_unqueue	8	static
C:/ncs/v2.2.0/zephyr/subsys/bluetooth/host/gatt.c:1241:13:gatt_ccc_conn_enqueue	16	static
C:/ncs/v2.2.0/zephyr/subsys/bluetooth/host/gatt.c:1939:9:bt_gatt_attr_write_ccc	64	static
C:/ncs/v2.2.0/zephyr/subsys/bluetooth/host/gatt.c:2306:27:gatt_req_alloc	24	static
C:/ncs/v2.2.0/zephyr/subsys/bluetooth/host/gatt.c:2331:12:gatt_req_send	40	static
C:/ncs/v2.2.0/zephyr/subsys/bluetooth/host/gatt.c:3596:12:gatt_find_type	72	dynamic,bounded
C:/ncs/v2.2.0/zephyr/subsys/bluetooth/host/gatt.c:4136:12:gatt_read_group	24	static
C:/ncs/v2.2.0/zephyr/subsys/bluetooth/host/gatt.c:3999:12:gatt_read_type	24	static
C:/ncs/v2.2.0/zephyr/subsys/bluetooth/host/gatt.c:3682:12:read_included_uuid	24	static
C:/ncs/v2.2.0/zephyr/subsys/bluetooth/host/gatt.c:3692:17:parse_include	128	dynamic,bounded
C:/ncs/v2.2.0/zephyr/subsys/bluetooth/host/gatt.c:4277:12:gatt_find_info	24	static
C:/ncs/v2.2.0/zephyr/subsys/bluetooth/host/gatt.c:4479:12:gatt_read_uuid	24	static
C:/ncs/v2.2.0/zephyr/subsys/bluetooth/host/gatt.c:4597:12:gatt_read_mult_vl	24	static
C:/ncs/v2.2.0/zephyr/subsys/bluetooth/host/gatt.c:4524:12:gatt_read_mult	24	static
C:/ncs/v2.2.0/zephyr/subsys/bluetooth/host/gatt.c:4448:12:gatt_read_blob	24	static
C:/ncs/v2.2.0/zephyr/subsys/bluetooth/host/gatt.c:4753:12:gatt_cancel_all_writes	24	static
C:/ncs/v2.2.0/zephyr/subsys/bluetooth/host/gatt.c:4732:12:gatt_exec_write	24	static
C:/ncs/v2.2.0/zephyr/subsys/bluetooth/host/gatt.c:4962:12:gatt_write_ccc	24	static
C:/ncs/v2.2.0/zephyr/subsys/bluetooth/host/gatt.c:5213:13:add_subscriptions	16	static
C:/ncs/v2.2.0/zephyr/subsys/bluetooth/host/gatt.c:3430:12:gatt_exchange_mtu_encode	8	static
C:/ncs/v2.2.0/zephyr/subsys/bluetooth/host/gatt.c:3670:12:read_included_uuid_encode	8	static
C:/ncs/v2.2.0/zephyr/subsys/bluetooth/host/gatt.c:4264:12:gatt_find_info_encode	8	static
C:/ncs/v2.2.0/zephyr/subsys/bluetooth/host/gatt.c:4617:12:gatt_read_encode	8	static
C:/ncs/v2.2.0/zephyr/subsys/bluetooth/host/gatt.c:4435:12:gatt_read_blob_encode	8	static
C:/ncs/v2.2.0/zephyr/subsys/bluetooth/host/gatt.c:4743:12:gatt_cancel_encode	8	static
C:/ncs/v2.2.0/zephyr/subsys/bluetooth/host/gatt.c:4722:12:gatt_exec_encode	8	static
C:/ncs/v2.2.0/zephyr/subsys/bluetooth/host/gatt.c:4847:12:gatt_prepare_write	32	static
C:/ncs/v2.2.0/zephyr/subsys/bluetooth/host/gatt.c:4544:13:gatt_read_mult_vl_rsp	48	static
C:/ncs/v2.2.0/zephyr/subsys/bluetooth/host/gatt.c:4117:12:gatt_read_group_encode	16	static
C:/ncs/v2.2.0/zephyr/subsys/bluetooth/host/gatt.c:3973:12:gatt_read_type_encode	16	static
C:/ncs/v2.2.0/zephyr/subsys/bluetooth/host/gatt.c:4584:12:gatt_read_mult_vl_encode	16	static
C:/ncs/v2.2.0/zephyr/subsys/bluetooth/host/gatt.c:4511:12:gatt_read_mult_encode	16	static
C:/ncs/v2.2.0/zephyr/subsys/bluetooth/host/gatt.c:4948:12:gatt_write_ccc_buf	16	static
C:/ncs/v2.2.0/zephyr/subsys/bluetooth/host/gatt.c:3561:12:gatt_find_type_encode	16	static
C:/ncs/v2.2.0/zephyr/subsys/bluetooth/host/gatt.c:4460:12:gatt_read_uuid_encode	16	static
C:/ncs/v2.2.0/zephyr/subsys/bluetooth/host/gatt.c:4864:12:gatt_write_encode	32	static
C:/ncs/v2.2.0/zephyr/subsys/bluetooth/host/gatt.c:4826:12:gatt_prepare_write_encode	32	static
C:/ncs/v2.2.0/zephyr/subsys/bluetooth/host/gatt.c:5709:12:sc_set	200	dynamic,bounded
C:/ncs/v2.2.0/zephyr/subsys/bluetooth/host/gatt.c:543:13:clear_cf_cfg	8	static
C:/ncs/v2.2.0/zephyr/subsys/bluetooth/host/gatt.c:5794:12:cf_set	200	dynamic,bounded
C:/ncs/v2.2.0/zephyr/subsys/bluetooth/host/gatt.c:5961:12:bt_gatt_clear_cf	64	static
C:/ncs/v2.2.0/zephyr/subsys/bluetooth/host/gatt.c:884:13:remove_cf_cfg	16	static
C:/ncs/v2.2.0/zephyr/subsys/bluetooth/host/gatt.c:1299:6:bt_gatt_init	8	static
C:/ncs/v2.2.0/zephyr/subsys/bluetooth/host/gatt.c:1376:6:bt_gatt_cb_register	0	static
C:/ncs/v2.2.0/zephyr/subsys/bluetooth/host/gatt.c:1547:6:bt_gatt_service_is_registered	8	static
C:/ncs/v2.2.0/zephyr/subsys/bluetooth/host/gatt.c:1566:9:bt_gatt_attr_read	8	static
C:/ncs/v2.2.0/zephyr/subsys/bluetooth/host/gatt.c:125:16:read_appearance	48	static
C:/ncs/v2.2.0/zephyr/subsys/bluetooth/host/gatt.c:91:16:read_name	40	static
C:/ncs/v2.2.0/zephyr/subsys/bluetooth/host/gatt.c:570:16:cf_read	48	static
C:/ncs/v2.2.0/zephyr/subsys/bluetooth/host/gatt.c:1586:9:bt_gatt_attr_read_service	40	static
C:/ncs/v2.2.0/zephyr/subsys/bluetooth/host/gatt.c:1897:9:bt_gatt_attr_read_ccc	48	static
C:/ncs/v2.2.0/zephyr/subsys/bluetooth/host/gatt.c:1625:10:bt_gatt_attr_get_handle	16	static
C:/ncs/v2.2.0/zephyr/subsys/bluetooth/host/gatt.c:1694:10:bt_gatt_attr_value_handle	16	static
C:/ncs/v2.2.0/zephyr/subsys/bluetooth/host/gatt.c:1711:9:bt_gatt_attr_read_chrc	64	static
C:/ncs/v2.2.0/zephyr/subsys/bluetooth/host/gatt.c:1819:6:bt_gatt_foreach_attr_type	72	static
C:/ncs/v2.2.0/zephyr/subsys/bluetooth/host/gatt.c:777:13:db_hash_gen	376	static
C:/ncs/v2.2.0/zephyr/subsys/bluetooth/host/gatt.c:853:16:db_hash_read	40	static
C:/ncs/v2.2.0/zephyr/subsys/bluetooth/host/gatt.c:817:13:db_hash_process	8	static
C:/ncs/v2.2.0/zephyr/subsys/bluetooth/host/gatt.c:1058:35:find_attr	32	static
C:/ncs/v2.2.0/zephyr/subsys/bluetooth/host/gatt.c:1091:12:gatt_register	72	dynamic,bounded
C:/ncs/v2.2.0/zephyr/subsys/bluetooth/host/gatt.c:1476:5:bt_gatt_service_register	24	static
C:/ncs/v2.2.0/zephyr/subsys/bluetooth/host/gatt.c:1655:9:bt_gatt_attr_read_included	56	static
C:/ncs/v2.2.0/zephyr/subsys/bluetooth/host/gatt.c:5352:12:ccc_set	392	dynamic,bounded
C:/ncs/v2.2.0/zephyr/subsys/bluetooth/host/gatt.c:5432:12:ccc_set_direct	48	static
C:/ncs/v2.2.0/zephyr/subsys/bluetooth/host/gatt.c:5931:12:bt_gatt_clear_ccc	80	static
C:/ncs/v2.2.0/zephyr/subsys/bluetooth/host/gatt.c:2572:13:gatt_find_by_uuid	24	static
C:/ncs/v2.2.0/zephyr/subsys/bluetooth/host/gatt.c:1868:22:bt_gatt_attr_next	32	static
C:/ncs/v2.2.0/zephyr/subsys/bluetooth/host/gatt.c:2021:9:bt_gatt_attr_read_cep	32	static
C:/ncs/v2.2.0/zephyr/subsys/bluetooth/host/gatt.c:2032:9:bt_gatt_attr_read_cud	40	static
C:/ncs/v2.2.0/zephyr/subsys/bluetooth/host/gatt.c:2050:9:bt_gatt_attr_read_cpf	32	static
C:/ncs/v2.2.0/zephyr/subsys/bluetooth/host/gatt.c:2583:22:bt_gatt_find_by_uuid	40	static
C:/ncs/v2.2.0/zephyr/subsys/bluetooth/host/gatt.c:2881:10:bt_gatt_get_mtu	8	static
C:/ncs/v2.2.0/zephyr/subsys/bluetooth/host/gatt.c:2886:9:bt_gatt_check_perm	16	static
C:/ncs/v2.2.0/zephyr/subsys/bluetooth/host/gatt.c:3142:6:bt_gatt_is_subscribed	56	static
C:/ncs/v2.2.0/zephyr/subsys/bluetooth/host/gatt.c:2375:12:gatt_indicate	120	static
C:/ncs/v2.2.0/zephyr/subsys/bluetooth/host/gatt.c:2822:5:bt_gatt_indicate	64	static
C:/ncs/v2.2.0/zephyr/subsys/bluetooth/host/gatt.c:1178:13:sc_process	24	static
C:/ncs/v2.2.0/zephyr/subsys/bluetooth/host/gatt.c:2969:13:sc_restore	40	static
C:/ncs/v2.2.0/zephyr/subsys/bluetooth/host/gatt.c:3007:16:update_ccc	80	dynamic,bounded
C:/ncs/v2.2.0/zephyr/subsys/bluetooth/host/gatt.c:2225:12:gatt_notify	112	static
C:/ncs/v2.2.0/zephyr/subsys/bluetooth/host/gatt.c:2598:5:bt_gatt_notify_cb	64	static
C:/ncs/v2.2.0/zephyr/subsys/bluetooth/host/gatt.c:2454:16:notify_cb	72	static
C:/ncs/v2.2.0/zephyr/subsys/bluetooth/host/gatt.c:3446:5:bt_gatt_exchange_mtu	32	static
C:/ncs/v2.2.0/zephyr/subsys/bluetooth/host/gatt.c:4289:5:bt_gatt_discover	96	dynamic,bounded
C:/ncs/v2.2.0/zephyr/subsys/bluetooth/host/gatt.c:3474:13:gatt_discover_next	16	static
C:/ncs/v2.2.0/zephyr/subsys/bluetooth/host/gatt.c:3504:13:gatt_find_type_rsp	64	static
C:/ncs/v2.2.0/zephyr/subsys/bluetooth/host/gatt.c:4095:13:gatt_read_group_rsp	16	static
C:/ncs/v2.2.0/zephyr/subsys/bluetooth/host/gatt.c:3944:13:gatt_read_type_rsp	16	static
C:/ncs/v2.2.0/zephyr/subsys/bluetooth/host/gatt.c:3620:13:read_included_uuid_cb	112	dynamic,bounded
C:/ncs/v2.2.0/zephyr/subsys/bluetooth/host/gatt.c:4149:13:gatt_find_info_rsp	136	dynamic,bounded
C:/ncs/v2.2.0/zephyr/subsys/bluetooth/host/gatt.c:4628:5:bt_gatt_read	24	static
C:/ncs/v2.2.0/zephyr/subsys/bluetooth/host/gatt.c:4342:13:parse_read_by_uuid	72	static
C:/ncs/v2.2.0/zephyr/subsys/bluetooth/host/gatt.c:4395:13:gatt_read_rsp	32	static
C:/ncs/v2.2.0/zephyr/subsys/bluetooth/host/gatt.c:4670:5:bt_gatt_write_without_response_cb	88	dynamic,bounded
C:/ncs/v2.2.0/zephyr/subsys/bluetooth/host/gatt.c:4882:5:bt_gatt_write	32	static
C:/ncs/v2.2.0/zephyr/subsys/bluetooth/host/gatt.c:4764:13:gatt_prepare_write_rsp	80	static
C:/ncs/v2.2.0/zephyr/subsys/bluetooth/host/gatt.c:5033:5:bt_gatt_subscribe	24	static
C:/ncs/v2.2.0/zephyr/subsys/bluetooth/host/gatt.c:5100:5:bt_gatt_resubscribe	8	static
C:/ncs/v2.2.0/zephyr/subsys/bluetooth/host/gatt.c:5193:6:bt_gatt_cancel	24	static
C:/ncs/v2.2.0/zephyr/subsys/bluetooth/host/gatt.c:5128:5:bt_gatt_unsubscribe	24	static
C:/ncs/v2.2.0/zephyr/subsys/bluetooth/host/gatt.c:3308:6:bt_gatt_notification	32	static
C:/ncs/v2.2.0/zephyr/subsys/bluetooth/host/gatt.c:3335:6:bt_gatt_mult_notification	96	dynamic,bounded
C:/ncs/v2.2.0/zephyr/subsys/bluetooth/host/gatt.c:5451:6:bt_gatt_connected	120	dynamic,bounded
C:/ncs/v2.2.0/zephyr/subsys/bluetooth/host/gatt.c:5522:6:bt_gatt_att_max_mtu_changed	24	static
C:/ncs/v2.2.0/zephyr/subsys/bluetooth/host/gatt.c:5533:6:bt_gatt_encrypt_change	32	static
C:/ncs/v2.2.0/zephyr/subsys/bluetooth/host/gatt.c:5545:6:bt_gatt_change_aware	24	static
C:/ncs/v2.2.0/zephyr/subsys/bluetooth/host/gatt.c:5656:5:bt_gatt_store_ccc	320	dynamic,bounded
C:/ncs/v2.2.0/zephyr/subsys/bluetooth/host/gatt.c:1266:13:ccc_delayed_store	24	static
C:/ncs/v2.2.0/zephyr/subsys/bluetooth/host/gatt.c:1002:13:bt_gatt_identity_resolved	32	static
C:/ncs/v2.2.0/zephyr/subsys/bluetooth/host/gatt.c:1426:13:gatt_unregister_ccc	32	static
C:/ncs/v2.2.0/zephyr/subsys/bluetooth/host/gatt.c:1459:12:gatt_unregister	16	static
C:/ncs/v2.2.0/zephyr/subsys/bluetooth/host/gatt.c:1517:5:bt_gatt_service_unregister	16	static
C:/ncs/v2.2.0/zephyr/subsys/bluetooth/host/gatt.c:6024:5:bt_gatt_clear	16	static
C:/ncs/v2.2.0/zephyr/subsys/bluetooth/host/gatt.c:6054:6:bt_gatt_disconnected	40	static
