C:/ncs/v2.2.0/zephyr/subsys/bluetooth/host/iso.c:242:13:bt_iso_chan_add	0	static
C:/ncs/v2.2.0/zephyr/subsys/bluetooth/host/iso.c:723:17:iso_chan_max_data_len	0	static
C:/ncs/v2.2.0/zephyr/subsys/bluetooth/host/iso.c:812:13:valid_chan_io_qos	0	static
C:/ncs/v2.2.0/zephyr/subsys/bluetooth/host/iso.c:1348:13:valid_chan_qos	8	static
C:/ncs/v2.2.0/zephyr/subsys/bluetooth/host/iso.c:1488:27:get_free_cig	4	static
C:/ncs/v2.2.0/zephyr/subsys/bluetooth/host/iso.c:1506:13:cis_is_in_cig	0	static
C:/ncs/v2.2.0/zephyr/subsys/bluetooth/host/iso.c:1557:13:valid_cig_param	24	static
C:/ncs/v2.2.0/zephyr/subsys/bluetooth/host/iso.c:2018:13:iso_chans_connecting	0	static
C:/ncs/v2.2.0/zephyr/subsys/bluetooth/host/iso.c:1476:27:get_cig	16	static
C:/ncs/v2.2.0/zephyr/subsys/bluetooth/host/iso.c:74:13:bt_iso_send_cb	16	static
C:/ncs/v2.2.0/zephyr/subsys/bluetooth/host/iso.c:1708:13:restore_cig	24	static
C:/ncs/v2.2.0/zephyr/subsys/bluetooth/host/iso.c:189:12:hci_le_setup_iso_data_path	40	static
C:/ncs/v2.2.0/zephyr/subsys/bluetooth/host/iso.c:251:12:bt_iso_setup_data_path	40	static
C:/ncs/v2.2.0/zephyr/subsys/bluetooth/host/iso.c:1269:12:hci_le_remove_iso_data_path	24	static
C:/ncs/v2.2.0/zephyr/subsys/bluetooth/host/iso.c:1300:13:bt_iso_remove_data_path	16	static
C:/ncs/v2.2.0/zephyr/subsys/bluetooth/host/iso.c:920:13:store_cis_info	16	static
C:/ncs/v2.2.0/zephyr/subsys/bluetooth/host/iso.c:130:24:iso_new	8	static
C:/ncs/v2.2.0/zephyr/subsys/bluetooth/host/iso.c:1512:12:cig_init_cis	32	static
C:/ncs/v2.2.0/zephyr/subsys/bluetooth/host/iso.c:1389:24:hci_le_set_cig_params	40	static
C:/ncs/v2.2.0/zephyr/subsys/bluetooth/host/iso.c:1541:13:cleanup_cig	16	static
C:/ncs/v2.2.0/zephyr/subsys/bluetooth/host/iso.c:1370:12:hci_le_remove_cig	16	static
C:/ncs/v2.2.0/zephyr/subsys/bluetooth/host/iso.c:1921:12:hci_le_create_cis	32	static
C:/ncs/v2.2.0/zephyr/subsys/bluetooth/host/iso.c:90:6:hci_iso	32	static
C:/ncs/v2.2.0/zephyr/subsys/bluetooth/host/iso.c:149:17:bt_iso_create_pdu_timeout	8	static
C:/ncs/v2.2.0/zephyr/subsys/bluetooth/host/iso.c:172:17:bt_iso_create_frag_timeout	8	static
C:/ncs/v2.2.0/zephyr/subsys/bluetooth/host/iso.c:533:6:bt_iso_chan_set_state	0	static
C:/ncs/v2.2.0/zephyr/subsys/bluetooth/host/iso.c:346:6:bt_iso_connected	24	static
C:/ncs/v2.2.0/zephyr/subsys/bluetooth/host/iso.c:539:5:bt_iso_chan_get_info	8	static
C:/ncs/v2.2.0/zephyr/subsys/bluetooth/host/iso.c:563:17:bt_iso_get_rx	8	static
C:/ncs/v2.2.0/zephyr/subsys/bluetooth/host/iso.c:575:6:bt_iso_recv	72	dynamic,bounded
C:/ncs/v2.2.0/zephyr/subsys/bluetooth/host/iso.c:744:5:bt_iso_chan_send	24	static
C:/ncs/v2.2.0/zephyr/subsys/bluetooth/host/iso.c:833:5:bt_iso_chan_get_tx_sync	24	static
C:/ncs/v2.2.0/zephyr/subsys/bluetooth/host/iso.c:890:5:bt_iso_chan_disconnect	8	static
C:/ncs/v2.2.0/zephyr/subsys/bluetooth/host/iso.c:910:6:bt_iso_cleanup_acl	8	static
C:/ncs/v2.2.0/zephyr/subsys/bluetooth/host/iso.c:400:13:bt_iso_chan_disconnected	16	static
C:/ncs/v2.2.0/zephyr/subsys/bluetooth/host/iso.c:454:6:bt_iso_disconnected	16	static
C:/ncs/v2.2.0/zephyr/subsys/bluetooth/host/iso.c:1968:12:iso_chan_connect_security	40	static
C:/ncs/v2.2.0/zephyr/subsys/bluetooth/host/iso.c:948:6:hci_le_cis_established	32	static
C:/ncs/v2.2.0/zephyr/subsys/bluetooth/host/iso.c:1623:5:bt_iso_cig_create	32	static
C:/ncs/v2.2.0/zephyr/subsys/bluetooth/host/iso.c:1729:5:bt_iso_cig_reconfigure	32	static
C:/ncs/v2.2.0/zephyr/subsys/bluetooth/host/iso.c:1807:5:bt_iso_cig_terminate	16	static
C:/ncs/v2.2.0/zephyr/subsys/bluetooth/host/iso.c:1833:6:bt_iso_security_changed	48	static
C:/ncs/v2.2.0/zephyr/subsys/bluetooth/host/iso.c:2039:5:bt_iso_chan_connect	32	static
