C:/ncs/v2.2.0/zephyr/include/zephyr/sys/slist.h:401:1:sys_slist_remove	0	static
C:/ncs/v2.2.0/zephyr/include/zephyr/sys/slist.h:417:1:sys_slist_find_and_remove	8	static
C:/ncs/v2.2.0/zephyr/subsys/bluetooth/host/scan.c:64:13:reset_reassembling_advertiser	0	static
C:/ncs/v2.2.0/zephyr/subsys/bluetooth/host/scan.c:407:16:get_adv_props_legacy	0	static
C:/ncs/v2.2.0/zephyr/subsys/bluetooth/host/scan.c:519:16:get_adv_type	0	static
C:/ncs/v2.2.0/zephyr/subsys/bluetooth/host/scan.c:556:17:get_adv_props_extended	0	static
C:/ncs/v2.2.0/zephyr/subsys/bluetooth/host/scan.c:1191:13:valid_le_scan_param	0	static
C:/ncs/v2.2.0/zephyr/subsys/bluetooth/host/scan.c:85:12:set_le_ext_scan_enable	40	static
C:/ncs/v2.2.0/zephyr/subsys/bluetooth/host/id.h:10:20:bt_id_rpa_is_new	8	static
C:/ncs/v2.2.0/zephyr/include/zephyr/sys/atomic.h:237:20:atomic_set_bit_to	0	static
C:/ncs/v2.2.0/zephyr/subsys/bluetooth/host/scan.c:165:12:start_le_scan_ext	40	static
C:/ncs/v2.2.0/zephyr/subsys/bluetooth/host/scan.c:290:12:start_passive_scan	16	static
C:/ncs/v2.2.0/zephyr/subsys/bluetooth/host/scan.c:49:13:fragmented_advertisers_equal	8	static
C:/ncs/v2.2.0/zephyr/include/zephyr/bluetooth/addr.h:126:20:bt_addr_le_copy	0	static
C:/ncs/v2.2.0/zephyr/subsys/bluetooth/host/scan.c:57:13:init_reassembling_advertiser	16	static
C:/ncs/v2.2.0/zephyr/subsys/bluetooth/host/scan.c:566:13:create_ext_adv_info	16	static
C:/ncs/v2.2.0/zephyr/subsys/bluetooth/host/scan.c:77:6:bt_scan_reset	8	static
C:/ncs/v2.2.0/zephyr/subsys/bluetooth/host/scan.c:155:5:bt_le_scan_set_enable	8	static
C:/ncs/v2.2.0/zephyr/subsys/bluetooth/host/scan.c:316:5:bt_le_scan_update	16	static
C:/ncs/v2.2.0/zephyr/subsys/bluetooth/host/scan.c:363:13:check_pending_conn	16	static
C:/ncs/v2.2.0/zephyr/subsys/bluetooth/host/scan.c:437:13:le_adv_recv	56	static
C:/ncs/v2.2.0/zephyr/subsys/bluetooth/host/scan.c:497:6:bt_hci_le_scan_timeout	8	static
C:/ncs/v2.2.0/zephyr/subsys/bluetooth/host/scan.c:579:6:bt_hci_le_adv_ext_report	48	static
C:/ncs/v2.2.0/zephyr/subsys/bluetooth/host/scan.c:1158:6:bt_hci_le_adv_report	40	static
C:/ncs/v2.2.0/zephyr/subsys/bluetooth/host/scan.c:1220:5:bt_le_scan_start	32	static
C:/ncs/v2.2.0/zephyr/subsys/bluetooth/host/scan.c:1309:5:bt_le_scan_stop	8	static
C:/ncs/v2.2.0/zephyr/subsys/bluetooth/host/scan.c:1330:6:bt_le_scan_cb_register	0	static
C:/ncs/v2.2.0/zephyr/subsys/bluetooth/host/scan.c:1335:6:bt_le_scan_cb_unregister	8	static
