../src/bluetooth/ble_audio_services.c:62:17:vcs_vol_conversion	0	static
../src/bluetooth/ble_audio_services.c:121:13:vcs_flags_cb_handler	56	dynamic,bounded
../src/bluetooth/ble_audio_services.c:73:13:vcs_state_cb_handler	224	dynamic,bounded
../src/bluetooth/ble_audio_services.c:293:5:ble_vcs_vol_set	0	static
../src/bluetooth/ble_audio_services.c:317:5:ble_vcs_volume_up	8	static
../src/bluetooth/ble_audio_services.c:342:5:ble_vcs_volume_down	8	static
../src/bluetooth/ble_audio_services.c:367:5:ble_vcs_volume_mute	0	static
../src/bluetooth/ble_audio_services.c:391:5:ble_vcs_volume_unmute	0	static
../src/bluetooth/ble_audio_services.c:429:5:ble_mcs_discover	40	static
../src/bluetooth/ble_audio_services.c:439:5:ble_mcs_state_update	40	static
../src/bluetooth/ble_audio_services.c:449:5:ble_mcs_play_pause	8	static
../src/bluetooth/ble_audio_services.c:491:5:ble_vcs_server_init	16	static
../src/bluetooth/ble_audio_services.c:512:5:ble_mcs_client_init	40	static
../src/bluetooth/ble_audio_services.c:529:5:ble_mcs_server_init	40	static
