../src/bluetooth/ble_audio_services.c:38:12:ble_vcs_client_remote_set	0	static
../src/bluetooth/ble_audio_services.c:121:13:vcs_flags_cb_handler	16	static
../src/bluetooth/ble_audio_services.c:137:13:vcs_discover_cb_handler	16	static
../src/bluetooth/ble_audio_services.c:255:13:mcs_media_state_cb	16	static
../src/bluetooth/ble_audio_services.c:230:13:mcs_command_recv_cb	16	static
../src/bluetooth/ble_audio_services.c:73:13:vcs_state_cb_handler	88	dynamic,bounded
../src/bluetooth/ble_audio_services.c:271:13:mcs_local_player_instance_cb	24	static
../src/bluetooth/ble_audio_services.c:293:5:ble_vcs_vol_set	80	dynamic,bounded
../src/bluetooth/ble_audio_services.c:317:5:ble_vcs_volume_up	72	dynamic,bounded
../src/bluetooth/ble_audio_services.c:342:5:ble_vcs_volume_down	72	dynamic,bounded
../src/bluetooth/ble_audio_services.c:367:5:ble_vcs_volume_mute	72	dynamic,bounded
../src/bluetooth/ble_audio_services.c:391:5:ble_vcs_volume_unmute	72	dynamic,bounded
../src/bluetooth/ble_audio_services.c:416:5:ble_vcs_discover	16	static
../src/bluetooth/ble_audio_services.c:429:5:ble_mcs_discover	16	static
../src/bluetooth/ble_audio_services.c:439:5:ble_mcs_state_update	16	static
../src/bluetooth/ble_audio_services.c:449:5:ble_mcs_play_pause	24	static
../src/bluetooth/ble_audio_services.c:480:5:ble_vcs_client_init	8	static
../src/bluetooth/ble_audio_services.c:491:5:ble_vcs_server_init	16	static
../src/bluetooth/ble_audio_services.c:512:5:ble_mcs_client_init	16	static
../src/bluetooth/ble_audio_services.c:529:5:ble_mcs_server_init	16	static
