../src/bluetooth/le_audio_cis_headset.c:64:13:csis_lock_changed_cb	0	static
../src/bluetooth/le_audio_cis_headset.c:70:16:sirk_read_req_cb	0	static
../src/bluetooth/le_audio_cis_headset.c:308:12:lc3_reconfig_cb	0	static
../src/bluetooth/le_audio_cis_headset.c:340:12:lc3_start_cb	0	static
../src/bluetooth/le_audio_cis_headset.c:346:12:lc3_metadata_cb	0	static
../src/bluetooth/le_audio_cis_headset.c:353:12:lc3_disable_cb	0	static
../src/bluetooth/le_audio_cis_headset.c:371:12:lc3_release_cb	0	static
../src/bluetooth/le_audio_cis_headset.c:389:13:stream_recv_cb	40	static
../src/bluetooth/le_audio_cis_headset.c:486:12:initialize	232	static
C:/ncs/v2.2.0/zephyr/include/zephyr/bluetooth/addr.h:231:19:bt_addr_le_to_str	64	static
../src/bluetooth/le_audio_cis_headset.c:165:13:advertising_process	344	dynamic,bounded
../src/bluetooth/le_audio_cis_headset.c:412:13:stream_stop_cb	80	dynamic,bounded
../src/bluetooth/le_audio_cis_headset.c:359:12:lc3_stop_cb	56	dynamic,bounded
../src/bluetooth/le_audio_cis_headset.c:327:12:lc3_enable_cb	56	dynamic,bounded
../src/bluetooth/le_audio_cis_headset.c:456:13:security_changed_cb	96	dynamic,bounded
../src/bluetooth/le_audio_cis_headset.c:422:13:connected_cb	88	dynamic,bounded
../src/bluetooth/le_audio_cis_headset.c:316:12:lc3_qos_cb	64	dynamic,bounded
../src/bluetooth/le_audio_cis_headset.c:141:13:print_codec	248	dynamic,bounded
../src/bluetooth/le_audio_cis_headset.c:252:12:lc3_config_cb	160	dynamic,bounded
../src/bluetooth/le_audio_cis_headset.c:221:13:bond_find	40	static
../src/bluetooth/le_audio_cis_headset.c:242:13:advertising_start	8	static
../src/bluetooth/le_audio_cis_headset.c:437:13:disconnected_cb	120	dynamic,bounded
../src/bluetooth/le_audio_cis_headset.c:593:5:le_audio_user_defined_button_press	0	static
../src/bluetooth/le_audio_cis_headset.c:598:5:le_audio_config_get	24	static
../src/bluetooth/le_audio_cis_headset.c:609:5:le_audio_volume_up	40	static
../src/bluetooth/le_audio_cis_headset.c:622:5:le_audio_volume_down	40	static
../src/bluetooth/le_audio_cis_headset.c:635:5:le_audio_volume_mute	40	static
../src/bluetooth/le_audio_cis_headset.c:648:5:le_audio_play_pause	8	static
../src/bluetooth/le_audio_cis_headset.c:653:5:le_audio_send	88	dynamic,bounded
../src/bluetooth/le_audio_cis_headset.c:684:5:le_audio_enable	40	static
../src/bluetooth/le_audio_cis_headset.c:699:5:le_audio_disable	0	static
