../src/bluetooth/le_audio_cis_gateway.c:136:13:all_active_headsets_started	0	static
../src/bluetooth/le_audio_cis_gateway.c:373:13:stream_metadata_updated_cb	0	static
../src/bluetooth/le_audio_cis_gateway.c:378:13:stream_disabled_cb	0	static
../src/bluetooth/le_audio_cis_gateway.c:458:13:add_remote_codec	0	static
../src/bluetooth/le_audio_cis_gateway.c:606:13:ble_acl_gateway_all_links_connected	0	static
C:/ncs/v2.2.0/zephyr/include/zephyr/bluetooth/addr.h:231:19:bt_addr_le_to_str	64	static
../src/bluetooth/le_audio_cis_gateway.c:224:13:available_contexts_cb	40	static
../src/bluetooth/le_audio_cis_gateway.c:617:13:bond_check	40	static
../src/bluetooth/le_audio_cis_gateway.c:157:12:channel_index_get	16	static
../src/bluetooth/le_audio_cis_gateway.c:185:17:get_and_incr_seq_num	16	static
../src/bluetooth/le_audio_cis_gateway.c:94:12:next_free_audio_stream_index_get	16	static
../src/bluetooth/le_audio_cis_gateway.c:422:13:stream_recv_cb	16	static
../src/bluetooth/le_audio_cis_gateway.c:114:12:audio_stream_index_get	16	static
../src/bluetooth/le_audio_cis_gateway.c:726:13:ble_acl_start_scan	32	static
../src/bluetooth/le_audio_cis_gateway.c:198:13:unicast_client_location_cb	16	static
../src/bluetooth/le_audio_cis_gateway.c:627:13:bond_connect	48	static
../src/bluetooth/le_audio_cis_gateway.c:650:12:device_found	48	static
../src/bluetooth/le_audio_cis_gateway.c:685:13:ad_parse	24	static
../src/bluetooth/le_audio_cis_gateway.c:711:13:on_device_found	8	static
../src/bluetooth/le_audio_cis_gateway.c:922:12:iso_stream_send	64	dynamic,bounded
../src/bluetooth/le_audio_cis_gateway.c:239:13:stream_sent_cb	16	static
../src/bluetooth/le_audio_cis_gateway.c:975:12:initialize	24	static
../src/bluetooth/le_audio_cis_gateway.c:792:12:discover_sink	16	static
../src/bluetooth/le_audio_cis_gateway.c:830:13:security_changed_cb	24	static
../src/bluetooth/le_audio_cis_gateway.c:811:12:discover_source	16	static
../src/bluetooth/le_audio_cis_gateway.c:469:13:discover_sink_cb	32	static
../src/bluetooth/le_audio_cis_gateway.c:528:13:discover_source_cb	56	static
../src/bluetooth/le_audio_cis_gateway.c:770:13:disconnected_cb	104	dynamic,bounded
../src/bluetooth/le_audio_cis_gateway.c:744:13:connected_cb	136	dynamic,bounded
../src/bluetooth/le_audio_cis_gateway.c:283:13:stream_qos_set_cb	16	static
../src/bluetooth/le_audio_cis_gateway.c:355:13:stream_started_cb	16	static
../src/bluetooth/le_audio_cis_gateway.c:407:13:stream_released_cb	16	static
../src/bluetooth/le_audio_cis_gateway.c:865:13:le_audio_play_pause_cb	24	static
../src/bluetooth/le_audio_cis_gateway.c:296:13:work_stream_start	24	static
../src/bluetooth/le_audio_cis_gateway.c:383:13:stream_stopped_cb	16	static
../src/bluetooth/le_audio_cis_gateway.c:328:13:stream_enabled_cb	24	static
../src/bluetooth/le_audio_cis_gateway.c:252:13:stream_configured_cb	104	dynamic,bounded
../src/bluetooth/le_audio_cis_gateway.c:1057:5:le_audio_user_defined_button_press	0	static
../src/bluetooth/le_audio_cis_gateway.c:1062:5:le_audio_config_get	0	static
../src/bluetooth/le_audio_cis_gateway.c:1067:5:le_audio_volume_up	16	static
../src/bluetooth/le_audio_cis_gateway.c:1080:5:le_audio_volume_down	16	static
../src/bluetooth/le_audio_cis_gateway.c:1093:5:le_audio_volume_mute	16	static
../src/bluetooth/le_audio_cis_gateway.c:1106:5:le_audio_play_pause	16	static
../src/bluetooth/le_audio_cis_gateway.c:1119:5:le_audio_send	64	static
../src/bluetooth/le_audio_cis_gateway.c:1170:5:le_audio_enable	8	static
../src/bluetooth/le_audio_cis_gateway.c:1183:5:le_audio_disable	0	static
