C:/ncs/v2.2.0/zephyr/subsys/usb/device/usb_device.c:174:13:usb_set_alt_setting	0	static
C:/ncs/v2.2.0/zephyr/subsys/usb/device/usb_device.c:184:16:usb_get_alt_setting	0	static
C:/ncs/v2.2.0/zephyr/subsys/usb/device/usb_device.c:207:13:usb_handle_request	8	static
C:/ncs/v2.2.0/zephyr/subsys/usb/device/usb_device.c:398:13:usb_register_request_handler	0	static
C:/ncs/v2.2.0/zephyr/subsys/usb/device/usb_device.c:412:13:usb_register_descriptors	0	static
C:/ncs/v2.2.0/zephyr/subsys/usb/device/usb_device.c:417:13:usb_get_status	0	static
C:/ncs/v2.2.0/zephyr/subsys/usb/device/usb_device.c:452:13:usb_get_descriptor	12	static
C:/ncs/v2.2.0/zephyr/subsys/usb/device/usb_device.c:748:13:usb_get_interface	16	static
C:/ncs/v2.2.0/zephyr/subsys/usb/device/usb_device.c:779:13:is_device_configured	0	static
C:/ncs/v2.2.0/zephyr/subsys/usb/device/usb_device.c:866:13:is_interface_valid	0	static
C:/ncs/v2.2.0/zephyr/subsys/usb/device/usb_device.c:1138:13:usb_register_custom_req_handler	0	static
C:/ncs/v2.2.0/zephyr/subsys/usb/device/usb_device.c:1151:13:usb_register_status_callback	0	static
C:/ncs/v2.2.0/zephyr/subsys/usb/device/usb_device.c:1230:12:usb_vbus_set	0	static
C:/ncs/v2.2.0/zephyr/subsys/usb/device/usb_device.c:1406:12:custom_handler	24	static
C:/ncs/v2.2.0/zephyr/subsys/usb/device/usb_device.c:1449:12:vendor_handler	24	static
C:/ncs/v2.2.0/zephyr/subsys/usb/device/usb_device.c:1377:12:class_handler	16	static
C:/ncs/v2.2.0/zephyr/subsys/usb/device/usb_device.c:945:13:is_ep_valid	8	static
C:/ncs/v2.2.0/zephyr/subsys/usb/device/usb_device.c:997:13:usb_halt_endpoint_req	24	static
C:/ncs/v2.2.0/zephyr/subsys/usb/device/usb_device.c:1156:12:foreach_ep	24	static
C:/ncs/v2.2.0/zephyr/subsys/usb/device/usb_device.c:521:13:set_endpoint	24	static
C:/ncs/v2.2.0/zephyr/subsys/usb/device/usb_device.c:169:13:usb_reset_alt_setting	0	static
C:/ncs/v2.2.0/zephyr/subsys/usb/device/usb_device.c:622:13:usb_set_configuration	24	static
C:/ncs/v2.2.0/zephyr/subsys/usb/device/usb_device.c:793:13:usb_handle_std_device_req	8	static
C:/ncs/v2.2.0/zephyr/subsys/usb/device/usb_device.c:568:13:reset_endpoint	24	static
C:/ncs/v2.2.0/zephyr/subsys/usb/device/usb_device.c:594:13:usb_eps_reconfigure	8	static
C:/ncs/v2.2.0/zephyr/subsys/usb/device/usb_device.c:698:13:usb_set_interface	32	static
C:/ncs/v2.2.0/zephyr/subsys/usb/device/usb_device.c:894:13:usb_handle_std_interface_req	24	static
C:/ncs/v2.2.0/zephyr/subsys/usb/device/usb_device.c:1176:12:disable_interface_ep	8	static
C:/ncs/v2.2.0/zephyr/subsys/usb/device/usb_device.c:967:13:usb_get_status_endpoint	24	static
C:/ncs/v2.2.0/zephyr/subsys/usb/device/usb_device.c:1043:13:usb_handle_std_endpoint_req	8	static
C:/ncs/v2.2.0/zephyr/subsys/usb/device/usb_device.c:1084:12:usb_handle_standard_request	16	static
C:/ncs/v2.2.0/zephyr/subsys/usb/device/usb_device.c:1475:12:composite_setup_ep_cb	16	static
C:/ncs/v2.2.0/zephyr/subsys/usb/device/usb_device.c:1181:13:forward_status_cb	16	static
C:/ncs/v2.2.0/zephyr/subsys/usb/device/usb_device.c:1258:5:usb_deconfig	8	static
C:/ncs/v2.2.0/zephyr/subsys/usb/device/usb_device.c:1284:5:usb_disable	8	static
C:/ncs/v2.2.0/zephyr/subsys/usb/device/usb_device.c:1306:5:usb_write	32	static
C:/ncs/v2.2.0/zephyr/subsys/usb/device/usb_device.c:236:13:usb_data_to_host	16	static
C:/ncs/v2.2.0/zephyr/subsys/usb/device/usb_device.c:276:13:usb_handle_control_transfer	24	static
C:/ncs/v2.2.0/zephyr/subsys/usb/device/usb_device.c:1323:5:usb_read	8	static
C:/ncs/v2.2.0/zephyr/subsys/usb/device/usb_device.c:1328:5:usb_ep_set_stall	8	static
C:/ncs/v2.2.0/zephyr/subsys/usb/device/usb_device.c:1333:5:usb_ep_clear_stall	8	static
C:/ncs/v2.2.0/zephyr/subsys/usb/device/usb_device.c:1338:5:usb_ep_read_wait	8	static
C:/ncs/v2.2.0/zephyr/subsys/usb/device/usb_device.c:1343:5:usb_ep_read_continue	8	static
C:/ncs/v2.2.0/zephyr/subsys/usb/device/usb_device.c:1348:6:usb_get_remote_wakeup_status	0	static
C:/ncs/v2.2.0/zephyr/subsys/usb/device/usb_device.c:1353:5:usb_wakeup_request	8	static
C:/ncs/v2.2.0/zephyr/subsys/usb/device/usb_device.c:1493:5:usb_set_config	8	static
C:/ncs/v2.2.0/zephyr/subsys/usb/device/usb_device.c:1609:12:usb_device_init	16	static
C:/ncs/v2.2.0/zephyr/subsys/usb/device/usb_device.c:1514:5:usb_enable	24	static
